

================================================================
== Vivado HLS Report for 'AXIvideo2Mat'
================================================================
* Date:           Thu Apr 25 22:46:30 2019

* Version:        2018.3 (Build 2405991 on Thu Dec 06 23:56:15 MST 2018)
* Project:        hls_video_processor
* Solution:       solution1
* Product family: zynq
* Target device:  xc7z020clg400-1


================================================================
== Performance Estimates
================================================================
+ Timing (ns): 
    * Summary: 
    +--------+-------+----------+------------+
    |  Clock | Target| Estimated| Uncertainty|
    +--------+-------+----------+------------+
    |ap_clk  |   6.60|     5.775|        0.82|
    +--------+-------+----------+------------+

+ Latency (clock cycles): 
    * Summary: 
    +-----+---------+-----+---------+---------+
    |    Latency    |    Interval   | Pipeline|
    | min |   max   | min |   max   |   Type  |
    +-----+---------+-----+---------+---------+
    |    3|  2079003|    3|  2079003|   none  |
    +-----+---------+-----+---------+---------+

    + Detail: 
        * Instance: 
        N/A

        * Loop: 
        +-----------------------+-----+---------+----------+-----------+-----------+----------+----------+
        |                       |    Latency    | Iteration|  Initiation Interval  |   Trip   |          |
        |       Loop Name       | min |   max   |  Latency |  achieved |   target  |   Count  | Pipelined|
        +-----------------------+-----+---------+----------+-----------+-----------+----------+----------+
        |- loop_wait_for_start  |    0|        0|         1|          1|          1|         0|    yes   |
        |- loop_height          |    0|  2079000| 5 ~ 1925 |          -|          -| 0 ~ 1080 |    no    |
        | + loop_width          |    0|     1920|         2|          1|          1| 0 ~ 1920 |    yes   |
        | + loop_wait_for_eol   |    0|        0|         1|          1|          1|         0|    yes   |
        +-----------------------+-----+---------+----------+-----------+-----------+----------+----------+

============================================================
+ Verbose Summary: Synthesis Manager
============================================================
InlineROM: 1
ExposeGlobal: 0
============================================================
+ Verbose Summary: CDFG Model
============================================================
IsTopModel: 0
ResetActiveHigh: 1
IsCombinational: 2
IsDatapathOnly: 0
HasWiredReturn: 1
HasMFsm: 0
HasVarLatency: 1
IsPipeline: 0
IsRtlPipelined: 0
IsInstanceOverlapped: 0
IsDontTouch: 0
HasImplIP: 0
IsGatedGlobalClock: 0

+ Individual pipeline summary: 
  * Pipeline-0: initiation interval (II) = 1, depth = 1
  * Pipeline-1: initiation interval (II) = 1, depth = 2
  * Pipeline-2: initiation interval (II) = 1, depth = 1


============================================================
+ Verbose Summary: Schedule
============================================================
* Number of FSM states : 9
* Pipeline : 3
  Pipeline-0 : II = 1, D = 1, States = { 2 }
  Pipeline-1 : II = 1, D = 2, States = { 5 6 }
  Pipeline-2 : II = 1, D = 1, States = { 8 }
* Dataflow Pipeline: 0

* FSM state transitions: 
1 --> 
	2  / true
2 --> 
	3  / (tmp_user_V)
	2  / (!tmp_user_V)
3 --> 
	4  / true
4 --> 
	5  / (!exitcond3_i)
5 --> 
	7  / (exitcond_i)
	6  / (!exitcond_i)
6 --> 
	5  / true
7 --> 
	8  / true
8 --> 
	9  / (eol_2_i)
	8  / (!eol_2_i)
9 --> 
	4  / true

* FSM state operations: 

State 1 <SV = 0> <Delay = 5.77>
ST_1 : Operation 10 [1/1] (0.00ns)   --->   "call void (...)* @_ssdm_op_SpecInterface(i8* %img_data_stream_2_V, [8 x i8]* @ap_fifo_str, i32 0, i32 0, [1 x i8]* @p_str, i32 0, i32 0, [1 x i8]* @p_str, [1 x i8]* @p_str, [1 x i8]* @p_str, i32 2, i32 2, i32 16, i32 16, [1 x i8]* @p_str, [1 x i8]* @p_str)"   --->   Operation 10 'specinterface' <Predicate = true> <Delay = 0.00>
ST_1 : Operation 11 [1/1] (0.00ns)   --->   "call void (...)* @_ssdm_op_SpecInterface(i8* %img_data_stream_1_V, [8 x i8]* @ap_fifo_str, i32 0, i32 0, [1 x i8]* @p_str, i32 0, i32 0, [1 x i8]* @p_str, [1 x i8]* @p_str, [1 x i8]* @p_str, i32 2, i32 2, i32 16, i32 16, [1 x i8]* @p_str, [1 x i8]* @p_str)"   --->   Operation 11 'specinterface' <Predicate = true> <Delay = 0.00>
ST_1 : Operation 12 [1/1] (0.00ns)   --->   "call void (...)* @_ssdm_op_SpecInterface(i8* %img_data_stream_0_V, [8 x i8]* @ap_fifo_str, i32 0, i32 0, [1 x i8]* @p_str, i32 0, i32 0, [1 x i8]* @p_str, [1 x i8]* @p_str, [1 x i8]* @p_str, i32 2, i32 2, i32 16, i32 16, [1 x i8]* @p_str, [1 x i8]* @p_str)"   --->   Operation 12 'specinterface' <Predicate = true> <Delay = 0.00>
ST_1 : Operation 13 [1/1] (0.00ns)   --->   "call void (...)* @_ssdm_op_SpecInterface(i24* %AXI_video_strm_V_data_V, i3* %AXI_video_strm_V_keep_V, i3* %AXI_video_strm_V_strb_V, i1* %AXI_video_strm_V_user_V, i1* %AXI_video_strm_V_last_V, i1* %AXI_video_strm_V_id_V, i1* %AXI_video_strm_V_dest_V, [5 x i8]* @p_str8, i32 1, i32 1, [5 x i8]* @p_str9, i32 0, i32 0, [1 x i8]* @p_str, [1 x i8]* @p_str, [1 x i8]* @p_str, i32 0, i32 0, i32 0, i32 0, [1 x i8]* @p_str, [1 x i8]* @p_str) nounwind"   --->   Operation 13 'specinterface' <Predicate = true> <Delay = 0.00>
ST_1 : Operation 14 [1/1] (0.00ns)   --->   "call void (...)* @_ssdm_op_SpecInterface(i24* %AXI_video_strm_V_data_V, i3* %AXI_video_strm_V_keep_V, i3* %AXI_video_strm_V_strb_V, i1* %AXI_video_strm_V_user_V, i1* %AXI_video_strm_V_last_V, i1* %AXI_video_strm_V_id_V, i1* %AXI_video_strm_V_dest_V, [5 x i8]* @p_str8, i32 1, i32 1, [5 x i8]* @p_str9, i32 0, i32 0, [1 x i8]* @p_str, [1 x i8]* @p_str, [1 x i8]* @p_str, i32 0, i32 0, i32 0, i32 0, [1 x i8]* @p_str, [1 x i8]* @p_str) nounwind"   --->   Operation 14 'specinterface' <Predicate = true> <Delay = 0.00>
ST_1 : Operation 15 [1/1] (0.00ns)   --->   "call void (...)* @_ssdm_op_SpecInterface(i24* %AXI_video_strm_V_data_V, i3* %AXI_video_strm_V_keep_V, i3* %AXI_video_strm_V_strb_V, i1* %AXI_video_strm_V_user_V, i1* %AXI_video_strm_V_last_V, i1* %AXI_video_strm_V_id_V, i1* %AXI_video_strm_V_dest_V, [5 x i8]* @p_str8, i32 1, i32 1, [5 x i8]* @p_str9, i32 0, i32 0, [1 x i8]* @p_str, [1 x i8]* @p_str, [1 x i8]* @p_str, i32 0, i32 0, i32 0, i32 0, [1 x i8]* @p_str, [1 x i8]* @p_str) nounwind"   --->   Operation 15 'specinterface' <Predicate = true> <Delay = 0.00>
ST_1 : Operation 16 [1/1] (0.00ns)   --->   "call void (...)* @_ssdm_op_SpecInterface(i24* %AXI_video_strm_V_data_V, i3* %AXI_video_strm_V_keep_V, i3* %AXI_video_strm_V_strb_V, i1* %AXI_video_strm_V_user_V, i1* %AXI_video_strm_V_last_V, i1* %AXI_video_strm_V_id_V, i1* %AXI_video_strm_V_dest_V, [5 x i8]* @p_str8, i32 1, i32 1, [5 x i8]* @p_str9, i32 0, i32 0, [1 x i8]* @p_str, [1 x i8]* @p_str, [1 x i8]* @p_str, i32 0, i32 0, i32 0, i32 0, [1 x i8]* @p_str, [1 x i8]* @p_str) nounwind"   --->   Operation 16 'specinterface' <Predicate = true> <Delay = 0.00>
ST_1 : Operation 17 [1/1] (0.00ns)   --->   "call void (...)* @_ssdm_op_SpecInterface(i24* %AXI_video_strm_V_data_V, i3* %AXI_video_strm_V_keep_V, i3* %AXI_video_strm_V_strb_V, i1* %AXI_video_strm_V_user_V, i1* %AXI_video_strm_V_last_V, i1* %AXI_video_strm_V_id_V, i1* %AXI_video_strm_V_dest_V, [5 x i8]* @p_str8, i32 1, i32 1, [5 x i8]* @p_str9, i32 0, i32 0, [1 x i8]* @p_str, [1 x i8]* @p_str, [1 x i8]* @p_str, i32 0, i32 0, i32 0, i32 0, [1 x i8]* @p_str, [1 x i8]* @p_str) nounwind"   --->   Operation 17 'specinterface' <Predicate = true> <Delay = 0.00>
ST_1 : Operation 18 [1/1] (0.00ns)   --->   "call void (...)* @_ssdm_op_SpecInterface(i24* %AXI_video_strm_V_data_V, i3* %AXI_video_strm_V_keep_V, i3* %AXI_video_strm_V_strb_V, i1* %AXI_video_strm_V_user_V, i1* %AXI_video_strm_V_last_V, i1* %AXI_video_strm_V_id_V, i1* %AXI_video_strm_V_dest_V, [5 x i8]* @p_str8, i32 1, i32 1, [5 x i8]* @p_str9, i32 0, i32 0, [1 x i8]* @p_str, [1 x i8]* @p_str, [1 x i8]* @p_str, i32 0, i32 0, i32 0, i32 0, [1 x i8]* @p_str, [1 x i8]* @p_str) nounwind"   --->   Operation 18 'specinterface' <Predicate = true> <Delay = 0.00>
ST_1 : Operation 19 [1/1] (0.00ns)   --->   "call void (...)* @_ssdm_op_SpecInterface(i24* %AXI_video_strm_V_data_V, i3* %AXI_video_strm_V_keep_V, i3* %AXI_video_strm_V_strb_V, i1* %AXI_video_strm_V_user_V, i1* %AXI_video_strm_V_last_V, i1* %AXI_video_strm_V_id_V, i1* %AXI_video_strm_V_dest_V, [5 x i8]* @p_str8, i32 1, i32 1, [5 x i8]* @p_str9, i32 0, i32 0, [1 x i8]* @p_str, [1 x i8]* @p_str, [1 x i8]* @p_str, i32 0, i32 0, i32 0, i32 0, [1 x i8]* @p_str, [1 x i8]* @p_str) nounwind"   --->   Operation 19 'specinterface' <Predicate = true> <Delay = 0.00>
ST_1 : Operation 20 [1/1] (0.00ns)   --->   "call void (...)* @_ssdm_op_SpecInterface(i12* %img_cols_V, [8 x i8]* @ap_fifo_str, i32 0, i32 0, [1 x i8]* @p_str, i32 0, i32 0, [1 x i8]* @p_str, [1 x i8]* @p_str, [1 x i8]* @p_str, i32 2, i32 2, i32 16, i32 16, [1 x i8]* @p_str, [11 x i8]* @ScalarProp_str)"   --->   Operation 20 'specinterface' <Predicate = true> <Delay = 0.00>
ST_1 : Operation 21 [1/1] (0.00ns)   --->   "call void (...)* @_ssdm_op_SpecInterface(i12* %img_rows_V, [8 x i8]* @ap_fifo_str, i32 0, i32 0, [1 x i8]* @p_str, i32 0, i32 0, [1 x i8]* @p_str, [1 x i8]* @p_str, [1 x i8]* @p_str, i32 2, i32 2, i32 16, i32 16, [1 x i8]* @p_str, [11 x i8]* @ScalarProp_str)"   --->   Operation 21 'specinterface' <Predicate = true> <Delay = 0.00>
ST_1 : Operation 22 [1/1] (2.88ns)   --->   "%img_cols_V_read = call i12 @_ssdm_op_Read.ap_fifo.i12P(i12* %img_cols_V)"   --->   Operation 22 'read' 'img_cols_V_read' <Predicate = true> <Delay = 2.88> <Core = "FIFO">   --->   Core 32 'FIFO' <Latency = 0> <II = 1> <Delay = 3.63> <Storage> <Opcode : 'read' 'write' 'nbread' 'nbwrite'> <Ports = 0> <Width = 12> <Depth = 2> <FIFO>
ST_1 : Operation 23 [1/1] (0.00ns)   --->   "call void (...)* @_ssdm_op_SpecInterface(i12* %img_cols_V_out, [8 x i8]* @ap_fifo_str, i32 0, i32 0, [1 x i8]* @p_str, i32 0, i32 0, [1 x i8]* @p_str, [1 x i8]* @p_str, [1 x i8]* @p_str, i32 2, i32 2, i32 16, i32 16, [1 x i8]* @p_str, [11 x i8]* @ScalarProp_str)"   --->   Operation 23 'specinterface' <Predicate = true> <Delay = 0.00>
ST_1 : Operation 24 [1/1] (2.88ns)   --->   "call void @_ssdm_op_Write.ap_fifo.i12P(i12* %img_cols_V_out, i12 %img_cols_V_read)"   --->   Operation 24 'write' <Predicate = true> <Delay = 2.88> <Core = "FIFO">   --->   Core 32 'FIFO' <Latency = 0> <II = 1> <Delay = 3.63> <Storage> <Opcode : 'read' 'write' 'nbread' 'nbwrite'> <Ports = 0> <Width = 12> <Depth = 2> <FIFO>
ST_1 : Operation 25 [1/1] (0.00ns)   --->   "call void (...)* @_ssdm_op_SpecInterface(i24* %AXI_video_strm_V_data_V, i3* %AXI_video_strm_V_keep_V, i3* %AXI_video_strm_V_strb_V, i1* %AXI_video_strm_V_user_V, i1* %AXI_video_strm_V_last_V, i1* %AXI_video_strm_V_id_V, i1* %AXI_video_strm_V_dest_V, [5 x i8]* @p_str8, i32 1, i32 1, [5 x i8]* @p_str9, i32 0, i32 0, [1 x i8]* @p_str, [1 x i8]* @p_str, [1 x i8]* @p_str, i32 0, i32 0, i32 0, i32 0, [1 x i8]* @p_str, [1 x i8]* @p_str) nounwind"   --->   Operation 25 'specinterface' <Predicate = true> <Delay = 0.00>
ST_1 : Operation 26 [1/1] (2.88ns)   --->   "%img_rows_V_read = call i12 @_ssdm_op_Read.ap_fifo.i12P(i12* %img_rows_V)"   --->   Operation 26 'read' 'img_rows_V_read' <Predicate = true> <Delay = 2.88> <Core = "FIFO">   --->   Core 32 'FIFO' <Latency = 0> <II = 1> <Delay = 3.63> <Storage> <Opcode : 'read' 'write' 'nbread' 'nbwrite'> <Ports = 0> <Width = 12> <Depth = 2> <FIFO>
ST_1 : Operation 27 [1/1] (0.00ns)   --->   "%rows_V = sext i12 %img_rows_V_read to i32"   --->   Operation 27 'sext' 'rows_V' <Predicate = true> <Delay = 0.00>
ST_1 : Operation 28 [1/1] (0.00ns)   --->   "%cols_V = sext i12 %img_cols_V_read to i32"   --->   Operation 28 'sext' 'cols_V' <Predicate = true> <Delay = 0.00>
ST_1 : Operation 29 [1/1] (0.00ns)   --->   "br label %._crit_edge1.i" [C:/Xilinx/Vivado/2018.3/common/technology/autopilot/hls/hls_video_io.h:63]   --->   Operation 29 'br' <Predicate = true> <Delay = 0.00>

State 2 <SV = 1> <Delay = 0.00>
ST_2 : Operation 30 [1/1] (0.00ns)   --->   "call void (...)* @_ssdm_op_SpecLoopName([20 x i8]* @p_str17) nounwind" [C:/Xilinx/Vivado/2018.3/common/technology/autopilot/hls/hls_video_io.h:65]   --->   Operation 30 'specloopname' <Predicate = true> <Delay = 0.00>
ST_2 : Operation 31 [1/1] (0.00ns)   --->   "%tmp_i = call i32 (...)* @_ssdm_op_SpecRegionBegin([20 x i8]* @p_str17)" [C:/Xilinx/Vivado/2018.3/common/technology/autopilot/hls/hls_video_io.h:65]   --->   Operation 31 'specregionbegin' 'tmp_i' <Predicate = true> <Delay = 0.00>
ST_2 : Operation 32 [1/1] (0.00ns)   --->   "call void (...)* @_ssdm_op_SpecPipeline(i32 1, i32 1, i32 1, i32 0, [1 x i8]* @p_str) nounwind" [C:/Xilinx/Vivado/2018.3/common/technology/autopilot/hls/hls_video_io.h:66]   --->   Operation 32 'specpipeline' <Predicate = true> <Delay = 0.00>
ST_2 : Operation 33 [1/1] (0.00ns)   --->   "call void (...)* @_ssdm_op_SpecLoopTripCount(i32 0, i32 0, i32 0, [1 x i8]* @p_str) nounwind" [C:/Xilinx/Vivado/2018.3/common/technology/autopilot/hls/hls_video_io.h:67]   --->   Operation 33 'speclooptripcount' <Predicate = true> <Delay = 0.00>
ST_2 : Operation 34 [1/1] (0.00ns)   --->   "%empty = call { i24, i3, i3, i1, i1, i1, i1 } @_ssdm_op_Read.axis.volatile.i24P.i3P.i3P.i1P.i1P.i1P.i1P(i24* %AXI_video_strm_V_data_V, i3* %AXI_video_strm_V_keep_V, i3* %AXI_video_strm_V_strb_V, i1* %AXI_video_strm_V_user_V, i1* %AXI_video_strm_V_last_V, i1* %AXI_video_strm_V_id_V, i1* %AXI_video_strm_V_dest_V)" [C:/Xilinx/Vivado/2018.3/common/technology/autopilot/hls/hls_video_io.h:68]   --->   Operation 34 'read' 'empty' <Predicate = true> <Delay = 0.00> <Core = "AXI4Stream">   --->   Core 5 'AXI4Stream' <Latency = 0> <II = 1> <Delay = 1.00> <Adapter> <Opcode : >
ST_2 : Operation 35 [1/1] (0.00ns)   --->   "%tmp_data_V = extractvalue { i24, i3, i3, i1, i1, i1, i1 } %empty, 0" [C:/Xilinx/Vivado/2018.3/common/technology/autopilot/hls/hls_video_io.h:68]   --->   Operation 35 'extractvalue' 'tmp_data_V' <Predicate = true> <Delay = 0.00>
ST_2 : Operation 36 [1/1] (0.00ns)   --->   "%tmp_user_V = extractvalue { i24, i3, i3, i1, i1, i1, i1 } %empty, 3" [C:/Xilinx/Vivado/2018.3/common/technology/autopilot/hls/hls_video_io.h:68]   --->   Operation 36 'extractvalue' 'tmp_user_V' <Predicate = true> <Delay = 0.00>
ST_2 : Operation 37 [1/1] (0.00ns)   --->   "%tmp_last_V = extractvalue { i24, i3, i3, i1, i1, i1, i1 } %empty, 4" [C:/Xilinx/Vivado/2018.3/common/technology/autopilot/hls/hls_video_io.h:68]   --->   Operation 37 'extractvalue' 'tmp_last_V' <Predicate = true> <Delay = 0.00>
ST_2 : Operation 38 [1/1] (0.00ns)   --->   "%empty_69 = call i32 (...)* @_ssdm_op_SpecRegionEnd([20 x i8]* @p_str17, i32 %tmp_i)" [C:/Xilinx/Vivado/2018.3/common/technology/autopilot/hls/hls_video_io.h:70]   --->   Operation 38 'specregionend' 'empty_69' <Predicate = true> <Delay = 0.00>
ST_2 : Operation 39 [1/1] (0.00ns)   --->   "br i1 %tmp_user_V, label %.preheader232.i.preheader, label %._crit_edge1.i" [C:/Xilinx/Vivado/2018.3/common/technology/autopilot/hls/hls_video_io.h:65]   --->   Operation 39 'br' <Predicate = true> <Delay = 0.00>

State 3 <SV = 2> <Delay = 1.76>
ST_3 : Operation 40 [1/1] (0.00ns)   --->   "%sof_1_i = alloca i1"   --->   Operation 40 'alloca' 'sof_1_i' <Predicate = true> <Delay = 0.00>
ST_3 : Operation 41 [1/1] (1.76ns)   --->   "store i1 true, i1* %sof_1_i"   --->   Operation 41 'store' <Predicate = true> <Delay = 1.76>
ST_3 : Operation 42 [1/1] (1.76ns)   --->   "br label %.preheader232.i" [C:/Xilinx/Vivado/2018.3/common/technology/autopilot/hls/hls_video_io.h:71]   --->   Operation 42 'br' <Predicate = true> <Delay = 1.76>

State 4 <SV = 3> <Delay = 3.45>
ST_4 : Operation 43 [1/1] (0.00ns)   --->   "%axi_last_V1_i = phi i1 [ %axi_last_V_3_i, %5 ], [ %tmp_last_V, %.preheader232.i.preheader ]"   --->   Operation 43 'phi' 'axi_last_V1_i' <Predicate = true> <Delay = 0.00>
ST_4 : Operation 44 [1/1] (0.00ns)   --->   "%axi_data_V1_i = phi i24 [ %axi_data_V_3_i, %5 ], [ %tmp_data_V, %.preheader232.i.preheader ]"   --->   Operation 44 'phi' 'axi_data_V1_i' <Predicate = true> <Delay = 0.00>
ST_4 : Operation 45 [1/1] (0.00ns)   --->   "%t_V = phi i32 [ %i_V, %5 ], [ 0, %.preheader232.i.preheader ]"   --->   Operation 45 'phi' 't_V' <Predicate = true> <Delay = 0.00>
ST_4 : Operation 46 [1/1] (2.47ns)   --->   "%exitcond3_i = icmp eq i32 %t_V, %rows_V" [C:/Xilinx/Vivado/2018.3/common/technology/autopilot/hls/hls_video_io.h:71]   --->   Operation 46 'icmp' 'exitcond3_i' <Predicate = true> <Delay = 2.47> <Core = "Cmp">   --->   Core 25 'Cmp' <Latency = 0> <II = 1> <Delay = 2.47> <FuncUnit> <Opcode : 'icmp'> <InPorts = 2> <OutPorts = 1>
ST_4 : Operation 47 [1/1] (0.00ns)   --->   "call void (...)* @_ssdm_op_SpecLoopTripCount(i64 0, i64 1080, i64 0)"   --->   Operation 47 'speclooptripcount' <Predicate = true> <Delay = 0.00>
ST_4 : Operation 48 [1/1] (2.55ns)   --->   "%i_V = add i32 %t_V, 1" [C:/Xilinx/Vivado/2018.3/common/technology/autopilot/hls/hls_video_io.h:71]   --->   Operation 48 'add' 'i_V' <Predicate = true> <Delay = 2.55> <Core = "AddSub">   --->   Core 14 'AddSub' <Latency = 0> <II = 1> <Delay = 2.55> <FuncUnit> <Opcode : 'add' 'sub'> <InPorts = 2> <OutPorts = 1>
ST_4 : Operation 49 [1/1] (0.00ns)   --->   "br i1 %exitcond3_i, label %.exit, label %0" [C:/Xilinx/Vivado/2018.3/common/technology/autopilot/hls/hls_video_io.h:71]   --->   Operation 49 'br' <Predicate = true> <Delay = 0.00>
ST_4 : Operation 50 [1/1] (0.00ns)   --->   "call void (...)* @_ssdm_op_SpecLoopName([12 x i8]* @p_str1) nounwind" [C:/Xilinx/Vivado/2018.3/common/technology/autopilot/hls/hls_video_io.h:71]   --->   Operation 50 'specloopname' <Predicate = (!exitcond3_i)> <Delay = 0.00>
ST_4 : Operation 51 [1/1] (0.00ns)   --->   "%tmp_56_i = call i32 (...)* @_ssdm_op_SpecRegionBegin([12 x i8]* @p_str1)" [C:/Xilinx/Vivado/2018.3/common/technology/autopilot/hls/hls_video_io.h:71]   --->   Operation 51 'specregionbegin' 'tmp_56_i' <Predicate = (!exitcond3_i)> <Delay = 0.00>
ST_4 : Operation 52 [1/1] (1.76ns)   --->   "br label %1" [C:/Xilinx/Vivado/2018.3/common/technology/autopilot/hls/hls_video_io.h:73]   --->   Operation 52 'br' <Predicate = (!exitcond3_i)> <Delay = 1.76>
ST_4 : Operation 53 [1/1] (0.00ns)   --->   "ret void"   --->   Operation 53 'ret' <Predicate = (exitcond3_i)> <Delay = 0.00>

State 5 <SV = 4> <Delay = 3.45>
ST_5 : Operation 54 [1/1] (0.00ns)   --->   "%eol = phi i1 [ %axi_last_V1_i, %0 ], [ %axi_last_V_2_i, %._crit_edge2.i ]" [C:/Xilinx/Vivado/2018.3/common/technology/autopilot/hls/hls_video_io.h:100]   --->   Operation 54 'phi' 'eol' <Predicate = true> <Delay = 0.00>
ST_5 : Operation 55 [1/1] (0.00ns)   --->   "%axi_data_V_1_i = phi i24 [ %axi_data_V1_i, %0 ], [ %p_Val2_s, %._crit_edge2.i ]"   --->   Operation 55 'phi' 'axi_data_V_1_i' <Predicate = true> <Delay = 0.00>
ST_5 : Operation 56 [1/1] (0.00ns)   --->   "%t_V_4 = phi i32 [ 0, %0 ], [ %j_V, %._crit_edge2.i ]"   --->   Operation 56 'phi' 't_V_4' <Predicate = true> <Delay = 0.00>
ST_5 : Operation 57 [1/1] (0.00ns)   --->   "%eol_i = phi i1 [ false, %0 ], [ %axi_last_V_2_i, %._crit_edge2.i ]" [C:/Xilinx/Vivado/2018.3/common/technology/autopilot/hls/hls_video_io.h:81]   --->   Operation 57 'phi' 'eol_i' <Predicate = true> <Delay = 0.00>
ST_5 : Operation 58 [1/1] (2.47ns)   --->   "%exitcond_i = icmp eq i32 %t_V_4, %cols_V" [C:/Xilinx/Vivado/2018.3/common/technology/autopilot/hls/hls_video_io.h:73]   --->   Operation 58 'icmp' 'exitcond_i' <Predicate = true> <Delay = 2.47> <Core = "Cmp">   --->   Core 25 'Cmp' <Latency = 0> <II = 1> <Delay = 2.47> <FuncUnit> <Opcode : 'icmp'> <InPorts = 2> <OutPorts = 1>
ST_5 : Operation 59 [1/1] (0.00ns)   --->   "call void (...)* @_ssdm_op_SpecLoopTripCount(i64 0, i64 1920, i64 0)"   --->   Operation 59 'speclooptripcount' <Predicate = true> <Delay = 0.00>
ST_5 : Operation 60 [1/1] (2.55ns)   --->   "%j_V = add i32 %t_V_4, 1" [C:/Xilinx/Vivado/2018.3/common/technology/autopilot/hls/hls_video_io.h:73]   --->   Operation 60 'add' 'j_V' <Predicate = true> <Delay = 2.55> <Core = "AddSub">   --->   Core 14 'AddSub' <Latency = 0> <II = 1> <Delay = 2.55> <FuncUnit> <Opcode : 'add' 'sub'> <InPorts = 2> <OutPorts = 1>
ST_5 : Operation 61 [1/1] (0.00ns)   --->   "br i1 %exitcond_i, label %.preheader.i.preheader, label %2" [C:/Xilinx/Vivado/2018.3/common/technology/autopilot/hls/hls_video_io.h:73]   --->   Operation 61 'br' <Predicate = true> <Delay = 0.00>
ST_5 : Operation 62 [1/1] (0.00ns)   --->   "%sof_1_i_load = load i1* %sof_1_i" [C:/Xilinx/Vivado/2018.3/common/technology/autopilot/hls/hls_video_io.h:76]   --->   Operation 62 'load' 'sof_1_i_load' <Predicate = (!exitcond_i)> <Delay = 0.00>
ST_5 : Operation 63 [1/1] (0.97ns)   --->   "%brmerge_i = or i1 %sof_1_i_load, %eol_i" [C:/Xilinx/Vivado/2018.3/common/technology/autopilot/hls/hls_video_io.h:76]   --->   Operation 63 'or' 'brmerge_i' <Predicate = (!exitcond_i)> <Delay = 0.97> <Core = "LogicGate">   --->   Core 27 'LogicGate' <Latency = 0> <II = 1> <Delay = 0.97> <FuncUnit> <Opcode : 'and' 'or' 'xor'> <InPorts = 2> <OutPorts = 1>
ST_5 : Operation 64 [1/1] (1.76ns)   --->   "br i1 %brmerge_i, label %._crit_edge2.i, label %3" [C:/Xilinx/Vivado/2018.3/common/technology/autopilot/hls/hls_video_io.h:76]   --->   Operation 64 'br' <Predicate = (!exitcond_i)> <Delay = 1.76>
ST_5 : Operation 65 [1/1] (0.00ns)   --->   "%empty_70 = call { i24, i3, i3, i1, i1, i1, i1 } @_ssdm_op_Read.axis.volatile.i24P.i3P.i3P.i1P.i1P.i1P.i1P(i24* %AXI_video_strm_V_data_V, i3* %AXI_video_strm_V_keep_V, i3* %AXI_video_strm_V_strb_V, i1* %AXI_video_strm_V_user_V, i1* %AXI_video_strm_V_last_V, i1* %AXI_video_strm_V_id_V, i1* %AXI_video_strm_V_dest_V)" [C:/Xilinx/Vivado/2018.3/common/technology/autopilot/hls/hls_video_io.h:81]   --->   Operation 65 'read' 'empty_70' <Predicate = (!exitcond_i & !brmerge_i)> <Delay = 0.00> <Core = "AXI4Stream">   --->   Core 5 'AXI4Stream' <Latency = 0> <II = 1> <Delay = 1.00> <Adapter> <Opcode : >
ST_5 : Operation 66 [1/1] (0.00ns)   --->   "%tmp_data_V_1 = extractvalue { i24, i3, i3, i1, i1, i1, i1 } %empty_70, 0" [C:/Xilinx/Vivado/2018.3/common/technology/autopilot/hls/hls_video_io.h:81]   --->   Operation 66 'extractvalue' 'tmp_data_V_1' <Predicate = (!exitcond_i & !brmerge_i)> <Delay = 0.00>
ST_5 : Operation 67 [1/1] (0.00ns)   --->   "%tmp_last_V_1 = extractvalue { i24, i3, i3, i1, i1, i1, i1 } %empty_70, 4" [C:/Xilinx/Vivado/2018.3/common/technology/autopilot/hls/hls_video_io.h:81]   --->   Operation 67 'extractvalue' 'tmp_last_V_1' <Predicate = (!exitcond_i & !brmerge_i)> <Delay = 0.00>
ST_5 : Operation 68 [1/1] (1.76ns)   --->   "br label %._crit_edge2.i"   --->   Operation 68 'br' <Predicate = (!exitcond_i & !brmerge_i)> <Delay = 1.76>
ST_5 : Operation 69 [1/1] (0.00ns)   --->   "%axi_last_V_2_i = phi i1 [ %tmp_last_V_1, %3 ], [ %eol, %2 ]"   --->   Operation 69 'phi' 'axi_last_V_2_i' <Predicate = (!exitcond_i)> <Delay = 0.00>
ST_5 : Operation 70 [1/1] (0.00ns)   --->   "%p_Val2_s = phi i24 [ %tmp_data_V_1, %3 ], [ %axi_data_V_1_i, %2 ]"   --->   Operation 70 'phi' 'p_Val2_s' <Predicate = (!exitcond_i)> <Delay = 0.00>
ST_5 : Operation 71 [1/1] (0.00ns)   --->   "%tmp = trunc i24 %p_Val2_s to i8" [C:/Xilinx/Vivado/2018.3/common/technology/autopilot/hls/hls_axi_io.h:49->C:/Xilinx/Vivado/2018.3/common/technology/autopilot/hls/hls_axi_io.h:71->C:/Xilinx/Vivado/2018.3/common/technology/autopilot/hls/hls_video_io.h:92]   --->   Operation 71 'trunc' 'tmp' <Predicate = (!exitcond_i)> <Delay = 0.00>
ST_5 : Operation 72 [1/1] (0.00ns)   --->   "%tmp_20 = call i8 @_ssdm_op_PartSelect.i8.i24.i32.i32(i24 %p_Val2_s, i32 8, i32 15)" [C:/Xilinx/Vivado/2018.3/common/technology/autopilot/hls/hls_axi_io.h:49->C:/Xilinx/Vivado/2018.3/common/technology/autopilot/hls/hls_axi_io.h:71->C:/Xilinx/Vivado/2018.3/common/technology/autopilot/hls/hls_video_io.h:92]   --->   Operation 72 'partselect' 'tmp_20' <Predicate = (!exitcond_i)> <Delay = 0.00>
ST_5 : Operation 73 [1/1] (0.00ns)   --->   "%tmp_21 = call i8 @_ssdm_op_PartSelect.i8.i24.i32.i32(i24 %p_Val2_s, i32 16, i32 23)" [C:/Xilinx/Vivado/2018.3/common/technology/autopilot/hls/hls_axi_io.h:49->C:/Xilinx/Vivado/2018.3/common/technology/autopilot/hls/hls_axi_io.h:71->C:/Xilinx/Vivado/2018.3/common/technology/autopilot/hls/hls_video_io.h:92]   --->   Operation 73 'partselect' 'tmp_21' <Predicate = (!exitcond_i)> <Delay = 0.00>
ST_5 : Operation 74 [1/1] (1.76ns)   --->   "store i1 false, i1* %sof_1_i"   --->   Operation 74 'store' <Predicate = (!exitcond_i)> <Delay = 1.76>

State 6 <SV = 5> <Delay = 2.88>
ST_6 : Operation 75 [1/1] (0.00ns)   --->   "call void (...)* @_ssdm_op_SpecLoopName([11 x i8]* @p_str2) nounwind" [C:/Xilinx/Vivado/2018.3/common/technology/autopilot/hls/hls_video_io.h:73]   --->   Operation 75 'specloopname' <Predicate = (!exitcond_i)> <Delay = 0.00>
ST_6 : Operation 76 [1/1] (0.00ns)   --->   "%tmp_57_i = call i32 (...)* @_ssdm_op_SpecRegionBegin([11 x i8]* @p_str2)" [C:/Xilinx/Vivado/2018.3/common/technology/autopilot/hls/hls_video_io.h:73]   --->   Operation 76 'specregionbegin' 'tmp_57_i' <Predicate = (!exitcond_i)> <Delay = 0.00>
ST_6 : Operation 77 [1/1] (0.00ns)   --->   "call void (...)* @_ssdm_op_SpecPipeline(i32 1, i32 1, i32 1, i32 0, [1 x i8]* @p_str) nounwind" [C:/Xilinx/Vivado/2018.3/common/technology/autopilot/hls/hls_video_io.h:75]   --->   Operation 77 'specpipeline' <Predicate = (!exitcond_i)> <Delay = 0.00>
ST_6 : Operation 78 [1/1] (0.00ns)   --->   "%tmp_59_i = call i32 (...)* @_ssdm_op_SpecRegionBegin([12 x i8]* @p_str22)" [C:/Xilinx/Vivado/2018.3/common/technology/autopilot/hls/hls_video_core.h:696->C:/Xilinx/Vivado/2018.3/common/technology/autopilot/hls/hls_video_core.h:717->C:/Xilinx/Vivado/2018.3/common/technology/autopilot/hls/hls_video_io.h:94]   --->   Operation 78 'specregionbegin' 'tmp_59_i' <Predicate = (!exitcond_i)> <Delay = 0.00>
ST_6 : Operation 79 [1/1] (0.00ns)   --->   "call void (...)* @_ssdm_op_SpecProtocol(i32 0, [1 x i8]* @p_str) nounwind" [C:/Xilinx/Vivado/2018.3/common/technology/autopilot/hls/hls_video_core.h:700->C:/Xilinx/Vivado/2018.3/common/technology/autopilot/hls/hls_video_core.h:717->C:/Xilinx/Vivado/2018.3/common/technology/autopilot/hls/hls_video_io.h:94]   --->   Operation 79 'specprotocol' <Predicate = (!exitcond_i)> <Delay = 0.00>
ST_6 : Operation 80 [1/1] (2.88ns)   --->   "call void @_ssdm_op_Write.ap_fifo.volatile.i8P(i8* %img_data_stream_0_V, i8 %tmp)" [C:/Xilinx/Vivado/2018.3/common/technology/autopilot/hls/hls_video_core.h:703->C:/Xilinx/Vivado/2018.3/common/technology/autopilot/hls/hls_video_core.h:717->C:/Xilinx/Vivado/2018.3/common/technology/autopilot/hls/hls_video_io.h:94]   --->   Operation 80 'write' <Predicate = (!exitcond_i)> <Delay = 2.88> <Core = "FIFO">   --->   Core 32 'FIFO' <Latency = 0> <II = 1> <Delay = 3.63> <Storage> <Opcode : 'read' 'write' 'nbread' 'nbwrite'> <Ports = 0> <Width = 12> <Depth = 2> <FIFO>
ST_6 : Operation 81 [1/1] (2.88ns)   --->   "call void @_ssdm_op_Write.ap_fifo.volatile.i8P(i8* %img_data_stream_1_V, i8 %tmp_20)" [C:/Xilinx/Vivado/2018.3/common/technology/autopilot/hls/hls_video_core.h:703->C:/Xilinx/Vivado/2018.3/common/technology/autopilot/hls/hls_video_core.h:717->C:/Xilinx/Vivado/2018.3/common/technology/autopilot/hls/hls_video_io.h:94]   --->   Operation 81 'write' <Predicate = (!exitcond_i)> <Delay = 2.88> <Core = "FIFO">   --->   Core 32 'FIFO' <Latency = 0> <II = 1> <Delay = 3.63> <Storage> <Opcode : 'read' 'write' 'nbread' 'nbwrite'> <Ports = 0> <Width = 12> <Depth = 2> <FIFO>
ST_6 : Operation 82 [1/1] (2.88ns)   --->   "call void @_ssdm_op_Write.ap_fifo.volatile.i8P(i8* %img_data_stream_2_V, i8 %tmp_21)" [C:/Xilinx/Vivado/2018.3/common/technology/autopilot/hls/hls_video_core.h:703->C:/Xilinx/Vivado/2018.3/common/technology/autopilot/hls/hls_video_core.h:717->C:/Xilinx/Vivado/2018.3/common/technology/autopilot/hls/hls_video_io.h:94]   --->   Operation 82 'write' <Predicate = (!exitcond_i)> <Delay = 2.88> <Core = "FIFO">   --->   Core 32 'FIFO' <Latency = 0> <II = 1> <Delay = 3.63> <Storage> <Opcode : 'read' 'write' 'nbread' 'nbwrite'> <Ports = 0> <Width = 12> <Depth = 2> <FIFO>
ST_6 : Operation 83 [1/1] (0.00ns)   --->   "%empty_71 = call i32 (...)* @_ssdm_op_SpecRegionEnd([12 x i8]* @p_str22, i32 %tmp_59_i)" [C:/Xilinx/Vivado/2018.3/common/technology/autopilot/hls/hls_video_core.h:705->C:/Xilinx/Vivado/2018.3/common/technology/autopilot/hls/hls_video_core.h:717->C:/Xilinx/Vivado/2018.3/common/technology/autopilot/hls/hls_video_io.h:94]   --->   Operation 83 'specregionend' 'empty_71' <Predicate = (!exitcond_i)> <Delay = 0.00>
ST_6 : Operation 84 [1/1] (0.00ns)   --->   "%empty_72 = call i32 (...)* @_ssdm_op_SpecRegionEnd([11 x i8]* @p_str2, i32 %tmp_57_i)" [C:/Xilinx/Vivado/2018.3/common/technology/autopilot/hls/hls_video_io.h:95]   --->   Operation 84 'specregionend' 'empty_72' <Predicate = (!exitcond_i)> <Delay = 0.00>
ST_6 : Operation 85 [1/1] (0.00ns)   --->   "br label %1" [C:/Xilinx/Vivado/2018.3/common/technology/autopilot/hls/hls_video_io.h:73]   --->   Operation 85 'br' <Predicate = (!exitcond_i)> <Delay = 0.00>

State 7 <SV = 5> <Delay = 1.76>
ST_7 : Operation 86 [1/1] (1.76ns)   --->   "br label %.preheader.i" [C:/Xilinx/Vivado/2018.3/common/technology/autopilot/hls/hls_video_io.h:96]   --->   Operation 86 'br' <Predicate = true> <Delay = 1.76>

State 8 <SV = 6> <Delay = 0.00>
ST_8 : Operation 87 [1/1] (0.00ns)   --->   "%axi_last_V_3_i = phi i1 [ %tmp_last_V_2, %4 ], [ %eol, %.preheader.i.preheader ]"   --->   Operation 87 'phi' 'axi_last_V_3_i' <Predicate = true> <Delay = 0.00>
ST_8 : Operation 88 [1/1] (0.00ns)   --->   "%axi_data_V_3_i = phi i24 [ %tmp_data_V_2, %4 ], [ %axi_data_V_1_i, %.preheader.i.preheader ]"   --->   Operation 88 'phi' 'axi_data_V_3_i' <Predicate = true> <Delay = 0.00>
ST_8 : Operation 89 [1/1] (0.00ns)   --->   "%eol_2_i = phi i1 [ %tmp_last_V_2, %4 ], [ %eol_i, %.preheader.i.preheader ]"   --->   Operation 89 'phi' 'eol_2_i' <Predicate = true> <Delay = 0.00>
ST_8 : Operation 90 [1/1] (0.00ns)   --->   "br i1 %eol_2_i, label %5, label %4" [C:/Xilinx/Vivado/2018.3/common/technology/autopilot/hls/hls_video_io.h:96]   --->   Operation 90 'br' <Predicate = true> <Delay = 0.00>
ST_8 : Operation 91 [1/1] (0.00ns)   --->   "call void (...)* @_ssdm_op_SpecLoopName([18 x i8]* @p_str18) nounwind" [C:/Xilinx/Vivado/2018.3/common/technology/autopilot/hls/hls_video_io.h:96]   --->   Operation 91 'specloopname' <Predicate = (!eol_2_i)> <Delay = 0.00>
ST_8 : Operation 92 [1/1] (0.00ns)   --->   "%tmp_58_i = call i32 (...)* @_ssdm_op_SpecRegionBegin([18 x i8]* @p_str18)" [C:/Xilinx/Vivado/2018.3/common/technology/autopilot/hls/hls_video_io.h:96]   --->   Operation 92 'specregionbegin' 'tmp_58_i' <Predicate = (!eol_2_i)> <Delay = 0.00>
ST_8 : Operation 93 [1/1] (0.00ns)   --->   "call void (...)* @_ssdm_op_SpecPipeline(i32 1, i32 1, i32 1, i32 0, [1 x i8]* @p_str) nounwind" [C:/Xilinx/Vivado/2018.3/common/technology/autopilot/hls/hls_video_io.h:97]   --->   Operation 93 'specpipeline' <Predicate = (!eol_2_i)> <Delay = 0.00>
ST_8 : Operation 94 [1/1] (0.00ns)   --->   "call void (...)* @_ssdm_op_SpecLoopTripCount(i32 0, i32 0, i32 0, [1 x i8]* @p_str) nounwind" [C:/Xilinx/Vivado/2018.3/common/technology/autopilot/hls/hls_video_io.h:98]   --->   Operation 94 'speclooptripcount' <Predicate = (!eol_2_i)> <Delay = 0.00>
ST_8 : Operation 95 [1/1] (0.00ns)   --->   "%empty_73 = call { i24, i3, i3, i1, i1, i1, i1 } @_ssdm_op_Read.axis.volatile.i24P.i3P.i3P.i1P.i1P.i1P.i1P(i24* %AXI_video_strm_V_data_V, i3* %AXI_video_strm_V_keep_V, i3* %AXI_video_strm_V_strb_V, i1* %AXI_video_strm_V_user_V, i1* %AXI_video_strm_V_last_V, i1* %AXI_video_strm_V_id_V, i1* %AXI_video_strm_V_dest_V)" [C:/Xilinx/Vivado/2018.3/common/technology/autopilot/hls/hls_video_io.h:100]   --->   Operation 95 'read' 'empty_73' <Predicate = (!eol_2_i)> <Delay = 0.00> <Core = "AXI4Stream">   --->   Core 5 'AXI4Stream' <Latency = 0> <II = 1> <Delay = 1.00> <Adapter> <Opcode : >
ST_8 : Operation 96 [1/1] (0.00ns)   --->   "%tmp_data_V_2 = extractvalue { i24, i3, i3, i1, i1, i1, i1 } %empty_73, 0" [C:/Xilinx/Vivado/2018.3/common/technology/autopilot/hls/hls_video_io.h:100]   --->   Operation 96 'extractvalue' 'tmp_data_V_2' <Predicate = (!eol_2_i)> <Delay = 0.00>
ST_8 : Operation 97 [1/1] (0.00ns)   --->   "%tmp_last_V_2 = extractvalue { i24, i3, i3, i1, i1, i1, i1 } %empty_73, 4" [C:/Xilinx/Vivado/2018.3/common/technology/autopilot/hls/hls_video_io.h:100]   --->   Operation 97 'extractvalue' 'tmp_last_V_2' <Predicate = (!eol_2_i)> <Delay = 0.00>
ST_8 : Operation 98 [1/1] (0.00ns)   --->   "%empty_74 = call i32 (...)* @_ssdm_op_SpecRegionEnd([18 x i8]* @p_str18, i32 %tmp_58_i)" [C:/Xilinx/Vivado/2018.3/common/technology/autopilot/hls/hls_video_io.h:103]   --->   Operation 98 'specregionend' 'empty_74' <Predicate = (!eol_2_i)> <Delay = 0.00>
ST_8 : Operation 99 [1/1] (0.00ns)   --->   "br label %.preheader.i" [C:/Xilinx/Vivado/2018.3/common/technology/autopilot/hls/hls_video_io.h:103]   --->   Operation 99 'br' <Predicate = (!eol_2_i)> <Delay = 0.00>

State 9 <SV = 7> <Delay = 0.00>
ST_9 : Operation 100 [1/1] (0.00ns)   --->   "%empty_75 = call i32 (...)* @_ssdm_op_SpecRegionEnd([12 x i8]* @p_str1, i32 %tmp_56_i)" [C:/Xilinx/Vivado/2018.3/common/technology/autopilot/hls/hls_video_io.h:104]   --->   Operation 100 'specregionend' 'empty_75' <Predicate = true> <Delay = 0.00>
ST_9 : Operation 101 [1/1] (0.00ns)   --->   "br label %.preheader232.i" [C:/Xilinx/Vivado/2018.3/common/technology/autopilot/hls/hls_video_io.h:71]   --->   Operation 101 'br' <Predicate = true> <Delay = 0.00>


============================================================
+ Verbose Summary: Binding
============================================================
STG Binding: 
---------------- STG Properties BEGIN ----------------
- Is combinational: 0
- Is one-state seq: 0
- Is datapath-only: 0
- Is pipelined: 0
- Is top level: 0
Port [ Return ] is wired: 1; IO mode=ap_ctrl_hs:ce=0
Port [ AXI_video_strm_V_data_V]:  wired=1; compound=1; hidden=0; nouse=0; global=0; static=0; extern=0; dir=0; type=0; pingpong=0; private_global=0; IO mode=axis:ce=0
Port [ AXI_video_strm_V_keep_V]:  wired=1; compound=1; hidden=0; nouse=0; global=0; static=0; extern=0; dir=0; type=0; pingpong=0; private_global=0; IO mode=axis:ce=0
Port [ AXI_video_strm_V_strb_V]:  wired=1; compound=1; hidden=0; nouse=0; global=0; static=0; extern=0; dir=0; type=0; pingpong=0; private_global=0; IO mode=axis:ce=0
Port [ AXI_video_strm_V_user_V]:  wired=1; compound=1; hidden=0; nouse=0; global=0; static=0; extern=0; dir=0; type=0; pingpong=0; private_global=0; IO mode=axis:ce=0
Port [ AXI_video_strm_V_last_V]:  wired=1; compound=1; hidden=0; nouse=0; global=0; static=0; extern=0; dir=0; type=0; pingpong=0; private_global=0; IO mode=axis:ce=0
Port [ AXI_video_strm_V_id_V]:  wired=1; compound=1; hidden=0; nouse=0; global=0; static=0; extern=0; dir=0; type=0; pingpong=0; private_global=0; IO mode=axis:ce=0
Port [ AXI_video_strm_V_dest_V]:  wired=1; compound=1; hidden=0; nouse=0; global=0; static=0; extern=0; dir=0; type=0; pingpong=0; private_global=0; IO mode=axis:ce=0
Port [ img_rows_V]:  wired=1; compound=1; hidden=0; nouse=0; global=0; static=0; extern=0; dir=0; type=3; pingpong=0; private_global=0; IO mode=ap_fifo:ce=0
Port [ img_cols_V]:  wired=1; compound=1; hidden=0; nouse=0; global=0; static=0; extern=0; dir=0; type=3; pingpong=0; private_global=0; IO mode=ap_fifo:ce=0
Port [ img_data_stream_0_V]:  wired=1; compound=1; hidden=0; nouse=0; global=0; static=0; extern=0; dir=1; type=3; pingpong=0; private_global=0; IO mode=ap_fifo:ce=0
Port [ img_data_stream_1_V]:  wired=1; compound=1; hidden=0; nouse=0; global=0; static=0; extern=0; dir=1; type=3; pingpong=0; private_global=0; IO mode=ap_fifo:ce=0
Port [ img_data_stream_2_V]:  wired=1; compound=1; hidden=0; nouse=0; global=0; static=0; extern=0; dir=1; type=3; pingpong=0; private_global=0; IO mode=ap_fifo:ce=0
Port [ img_cols_V_out]:  wired=1; compound=1; hidden=0; nouse=0; global=0; static=0; extern=0; dir=1; type=3; pingpong=0; private_global=0; IO mode=ap_fifo:ce=0
---------------- STG Properties END ------------------

---------------- Datapath Model BEGIN ----------------

<LifeTime>
<method=bitvector/>
StgValue_10     (specinterface    ) [ 0000000000]
StgValue_11     (specinterface    ) [ 0000000000]
StgValue_12     (specinterface    ) [ 0000000000]
StgValue_13     (specinterface    ) [ 0000000000]
StgValue_14     (specinterface    ) [ 0000000000]
StgValue_15     (specinterface    ) [ 0000000000]
StgValue_16     (specinterface    ) [ 0000000000]
StgValue_17     (specinterface    ) [ 0000000000]
StgValue_18     (specinterface    ) [ 0000000000]
StgValue_19     (specinterface    ) [ 0000000000]
StgValue_20     (specinterface    ) [ 0000000000]
StgValue_21     (specinterface    ) [ 0000000000]
img_cols_V_read (read             ) [ 0000000000]
StgValue_23     (specinterface    ) [ 0000000000]
StgValue_24     (write            ) [ 0000000000]
StgValue_25     (specinterface    ) [ 0000000000]
img_rows_V_read (read             ) [ 0000000000]
rows_V          (sext             ) [ 0011111111]
cols_V          (sext             ) [ 0011111111]
StgValue_29     (br               ) [ 0000000000]
StgValue_30     (specloopname     ) [ 0000000000]
tmp_i           (specregionbegin  ) [ 0000000000]
StgValue_32     (specpipeline     ) [ 0000000000]
StgValue_33     (speclooptripcount) [ 0000000000]
empty           (read             ) [ 0000000000]
tmp_data_V      (extractvalue     ) [ 0001111111]
tmp_user_V      (extractvalue     ) [ 0010000000]
tmp_last_V      (extractvalue     ) [ 0001111111]
empty_69        (specregionend    ) [ 0000000000]
StgValue_39     (br               ) [ 0000000000]
sof_1_i         (alloca           ) [ 0001111111]
StgValue_41     (store            ) [ 0000000000]
StgValue_42     (br               ) [ 0001111111]
axi_last_V1_i   (phi              ) [ 0000111000]
axi_data_V1_i   (phi              ) [ 0000111000]
t_V             (phi              ) [ 0000100000]
exitcond3_i     (icmp             ) [ 0000111111]
StgValue_47     (speclooptripcount) [ 0000000000]
i_V             (add              ) [ 0001111111]
StgValue_49     (br               ) [ 0000000000]
StgValue_50     (specloopname     ) [ 0000000000]
tmp_56_i        (specregionbegin  ) [ 0000011111]
StgValue_52     (br               ) [ 0000111111]
StgValue_53     (ret              ) [ 0000000000]
eol             (phi              ) [ 0000010110]
axi_data_V_1_i  (phi              ) [ 0000010110]
t_V_4           (phi              ) [ 0000010000]
eol_i           (phi              ) [ 0000010110]
exitcond_i      (icmp             ) [ 0000111111]
StgValue_59     (speclooptripcount) [ 0000000000]
j_V             (add              ) [ 0000111111]
StgValue_61     (br               ) [ 0000000000]
sof_1_i_load    (load             ) [ 0000000000]
brmerge_i       (or               ) [ 0000111111]
StgValue_64     (br               ) [ 0000000000]
empty_70        (read             ) [ 0000000000]
tmp_data_V_1    (extractvalue     ) [ 0000000000]
tmp_last_V_1    (extractvalue     ) [ 0000000000]
StgValue_68     (br               ) [ 0000000000]
axi_last_V_2_i  (phi              ) [ 0000111111]
p_Val2_s        (phi              ) [ 0000111111]
tmp             (trunc            ) [ 0000011000]
tmp_20          (partselect       ) [ 0000011000]
tmp_21          (partselect       ) [ 0000011000]
StgValue_74     (store            ) [ 0000000000]
StgValue_75     (specloopname     ) [ 0000000000]
tmp_57_i        (specregionbegin  ) [ 0000000000]
StgValue_77     (specpipeline     ) [ 0000000000]
tmp_59_i        (specregionbegin  ) [ 0000000000]
StgValue_79     (specprotocol     ) [ 0000000000]
StgValue_80     (write            ) [ 0000000000]
StgValue_81     (write            ) [ 0000000000]
StgValue_82     (write            ) [ 0000000000]
empty_71        (specregionend    ) [ 0000000000]
empty_72        (specregionend    ) [ 0000000000]
StgValue_85     (br               ) [ 0000111111]
StgValue_86     (br               ) [ 0000111111]
axi_last_V_3_i  (phi              ) [ 0001100011]
axi_data_V_3_i  (phi              ) [ 0001100011]
eol_2_i         (phi              ) [ 0000000010]
StgValue_90     (br               ) [ 0000000000]
StgValue_91     (specloopname     ) [ 0000000000]
tmp_58_i        (specregionbegin  ) [ 0000000000]
StgValue_93     (specpipeline     ) [ 0000000000]
StgValue_94     (speclooptripcount) [ 0000000000]
empty_73        (read             ) [ 0000000000]
tmp_data_V_2    (extractvalue     ) [ 0000111111]
tmp_last_V_2    (extractvalue     ) [ 0000111111]
empty_74        (specregionend    ) [ 0000000000]
StgValue_99     (br               ) [ 0000111111]
empty_75        (specregionend    ) [ 0000000000]
StgValue_101    (br               ) [ 0001111111]
</LifeTime>

<model>

<comp_list>
<comp id="0" class="1000" name="AXI_video_strm_V_data_V">
<pin_list>
<pin id="1" dir="1" index="0" bw="1" slack="0"/>
</pin_list>
<bind>
<StgValue><ssdm name="AXI_video_strm_V_data_V"/></StgValue>
</bind>
</comp>

<comp id="2" class="1000" name="AXI_video_strm_V_keep_V">
<pin_list>
<pin id="3" dir="1" index="0" bw="1" slack="0"/>
</pin_list>
<bind>
<StgValue><ssdm name="AXI_video_strm_V_keep_V"/></StgValue>
</bind>
</comp>

<comp id="4" class="1000" name="AXI_video_strm_V_strb_V">
<pin_list>
<pin id="5" dir="1" index="0" bw="1" slack="0"/>
</pin_list>
<bind>
<StgValue><ssdm name="AXI_video_strm_V_strb_V"/></StgValue>
</bind>
</comp>

<comp id="6" class="1000" name="AXI_video_strm_V_user_V">
<pin_list>
<pin id="7" dir="1" index="0" bw="1" slack="0"/>
</pin_list>
<bind>
<StgValue><ssdm name="AXI_video_strm_V_user_V"/></StgValue>
</bind>
</comp>

<comp id="8" class="1000" name="AXI_video_strm_V_last_V">
<pin_list>
<pin id="9" dir="1" index="0" bw="1" slack="0"/>
</pin_list>
<bind>
<StgValue><ssdm name="AXI_video_strm_V_last_V"/></StgValue>
</bind>
</comp>

<comp id="10" class="1000" name="AXI_video_strm_V_id_V">
<pin_list>
<pin id="11" dir="1" index="0" bw="1" slack="0"/>
</pin_list>
<bind>
<StgValue><ssdm name="AXI_video_strm_V_id_V"/></StgValue>
</bind>
</comp>

<comp id="12" class="1000" name="AXI_video_strm_V_dest_V">
<pin_list>
<pin id="13" dir="1" index="0" bw="1" slack="0"/>
</pin_list>
<bind>
<StgValue><ssdm name="AXI_video_strm_V_dest_V"/></StgValue>
</bind>
</comp>

<comp id="14" class="1000" name="img_rows_V">
<pin_list>
<pin id="15" dir="1" index="0" bw="1" slack="0"/>
</pin_list>
<bind>
<StgValue><ssdm name="img_rows_V"/></StgValue>
</bind>
</comp>

<comp id="16" class="1000" name="img_cols_V">
<pin_list>
<pin id="17" dir="1" index="0" bw="1" slack="0"/>
</pin_list>
<bind>
<StgValue><ssdm name="img_cols_V"/></StgValue>
</bind>
</comp>

<comp id="18" class="1000" name="img_data_stream_0_V">
<pin_list>
<pin id="19" dir="1" index="0" bw="1" slack="0"/>
</pin_list>
<bind>
<StgValue><ssdm name="img_data_stream_0_V"/></StgValue>
</bind>
</comp>

<comp id="20" class="1000" name="img_data_stream_1_V">
<pin_list>
<pin id="21" dir="1" index="0" bw="1" slack="0"/>
</pin_list>
<bind>
<StgValue><ssdm name="img_data_stream_1_V"/></StgValue>
</bind>
</comp>

<comp id="22" class="1000" name="img_data_stream_2_V">
<pin_list>
<pin id="23" dir="1" index="0" bw="1" slack="0"/>
</pin_list>
<bind>
<StgValue><ssdm name="img_data_stream_2_V"/></StgValue>
</bind>
</comp>

<comp id="24" class="1000" name="img_cols_V_out">
<pin_list>
<pin id="25" dir="1" index="0" bw="1" slack="0"/>
</pin_list>
<bind>
<StgValue><ssdm name="img_cols_V_out"/></StgValue>
</bind>
</comp>

<comp id="26" class="1001" name="const_26">
<pin_list>
<pin id="27" dir="1" index="0" bw="1" slack="2147483647"/>
</pin_list>
<bind>
<StgValue><ssdm name="_ssdm_op_SpecInterface"/></StgValue>
</bind>
</comp>

<comp id="28" class="1001" name="const_28">
<pin_list>
<pin id="29" dir="1" index="0" bw="1" slack="2147483647"/>
</pin_list>
<bind>
<StgValue><ssdm name="ap_fifo_str"/></StgValue>
</bind>
</comp>

<comp id="30" class="1001" name="const_30">
<pin_list>
<pin id="31" dir="1" index="0" bw="1" slack="1"/>
</pin_list>
<bind>
<StgValue><ssdm name=""/></StgValue>
</bind>
</comp>

<comp id="32" class="1001" name="const_32">
<pin_list>
<pin id="33" dir="1" index="0" bw="1" slack="2147483647"/>
</pin_list>
<bind>
<StgValue><ssdm name="p_str"/></StgValue>
</bind>
</comp>

<comp id="34" class="1001" name="const_34">
<pin_list>
<pin id="35" dir="1" index="0" bw="1" slack="2147483647"/>
</pin_list>
<bind>
<StgValue><ssdm name=""/></StgValue>
</bind>
</comp>

<comp id="36" class="1001" name="const_36">
<pin_list>
<pin id="37" dir="1" index="0" bw="1" slack="0"/>
</pin_list>
<bind>
<StgValue><ssdm name=""/></StgValue>
</bind>
</comp>

<comp id="38" class="1001" name="const_38">
<pin_list>
<pin id="39" dir="1" index="0" bw="1" slack="2147483647"/>
</pin_list>
<bind>
<StgValue><ssdm name="p_str8"/></StgValue>
</bind>
</comp>

<comp id="40" class="1001" name="const_40">
<pin_list>
<pin id="41" dir="1" index="0" bw="1" slack="0"/>
</pin_list>
<bind>
<StgValue><ssdm name=""/></StgValue>
</bind>
</comp>

<comp id="42" class="1001" name="const_42">
<pin_list>
<pin id="43" dir="1" index="0" bw="1" slack="2147483647"/>
</pin_list>
<bind>
<StgValue><ssdm name="p_str9"/></StgValue>
</bind>
</comp>

<comp id="44" class="1001" name="const_44">
<pin_list>
<pin id="45" dir="1" index="0" bw="1" slack="2147483647"/>
</pin_list>
<bind>
<StgValue><ssdm name="ScalarProp_str"/></StgValue>
</bind>
</comp>

<comp id="46" class="1001" name="const_46">
<pin_list>
<pin id="47" dir="1" index="0" bw="1" slack="0"/>
</pin_list>
<bind>
<StgValue><ssdm name="_ssdm_op_Read.ap_fifo.i12P"/></StgValue>
</bind>
</comp>

<comp id="48" class="1001" name="const_48">
<pin_list>
<pin id="49" dir="1" index="0" bw="1" slack="0"/>
</pin_list>
<bind>
<StgValue><ssdm name="_ssdm_op_Write.ap_fifo.i12P"/></StgValue>
</bind>
</comp>

<comp id="50" class="1001" name="const_50">
<pin_list>
<pin id="51" dir="1" index="0" bw="1" slack="2147483647"/>
</pin_list>
<bind>
<StgValue><ssdm name="_ssdm_op_SpecLoopName"/></StgValue>
</bind>
</comp>

<comp id="52" class="1001" name="const_52">
<pin_list>
<pin id="53" dir="1" index="0" bw="1" slack="2147483647"/>
</pin_list>
<bind>
<StgValue><ssdm name="p_str17"/></StgValue>
</bind>
</comp>

<comp id="54" class="1001" name="const_54">
<pin_list>
<pin id="55" dir="1" index="0" bw="1" slack="2147483647"/>
</pin_list>
<bind>
<StgValue><ssdm name="_ssdm_op_SpecRegionBegin"/></StgValue>
</bind>
</comp>

<comp id="56" class="1001" name="const_56">
<pin_list>
<pin id="57" dir="1" index="0" bw="1" slack="2147483647"/>
</pin_list>
<bind>
<StgValue><ssdm name="_ssdm_op_SpecPipeline"/></StgValue>
</bind>
</comp>

<comp id="58" class="1001" name="const_58">
<pin_list>
<pin id="59" dir="1" index="0" bw="1" slack="2147483647"/>
</pin_list>
<bind>
<StgValue><ssdm name="_ssdm_op_SpecLoopTripCount"/></StgValue>
</bind>
</comp>

<comp id="60" class="1001" name="const_60">
<pin_list>
<pin id="61" dir="1" index="0" bw="1" slack="0"/>
</pin_list>
<bind>
<StgValue><ssdm name="_ssdm_op_Read.axis.volatile.i24P.i3P.i3P.i1P.i1P.i1P.i1P"/></StgValue>
</bind>
</comp>

<comp id="62" class="1001" name="const_62">
<pin_list>
<pin id="63" dir="1" index="0" bw="1" slack="2147483647"/>
</pin_list>
<bind>
<StgValue><ssdm name="_ssdm_op_SpecRegionEnd"/></StgValue>
</bind>
</comp>

<comp id="64" class="1001" name="const_64">
<pin_list>
<pin id="65" dir="1" index="0" bw="1" slack="0"/>
</pin_list>
<bind>
<StgValue><ssdm name=""/></StgValue>
</bind>
</comp>

<comp id="66" class="1001" name="const_66">
<pin_list>
<pin id="67" dir="1" index="0" bw="1" slack="2147483647"/>
</pin_list>
<bind>
<StgValue><ssdm name=""/></StgValue>
</bind>
</comp>

<comp id="68" class="1001" name="const_68">
<pin_list>
<pin id="69" dir="1" index="0" bw="1" slack="2147483647"/>
</pin_list>
<bind>
<StgValue><ssdm name=""/></StgValue>
</bind>
</comp>

<comp id="70" class="1001" name="const_70">
<pin_list>
<pin id="71" dir="1" index="0" bw="1" slack="2147483647"/>
</pin_list>
<bind>
<StgValue><ssdm name="p_str1"/></StgValue>
</bind>
</comp>

<comp id="72" class="1001" name="const_72">
<pin_list>
<pin id="73" dir="1" index="0" bw="1" slack="0"/>
</pin_list>
<bind>
<StgValue><ssdm name=""/></StgValue>
</bind>
</comp>

<comp id="74" class="1001" name="const_74">
<pin_list>
<pin id="75" dir="1" index="0" bw="1" slack="2147483647"/>
</pin_list>
<bind>
<StgValue><ssdm name=""/></StgValue>
</bind>
</comp>

<comp id="76" class="1001" name="const_76">
<pin_list>
<pin id="77" dir="1" index="0" bw="1" slack="0"/>
</pin_list>
<bind>
<StgValue><ssdm name="_ssdm_op_PartSelect.i8.i24.i32.i32"/></StgValue>
</bind>
</comp>

<comp id="78" class="1001" name="const_78">
<pin_list>
<pin id="79" dir="1" index="0" bw="1" slack="0"/>
</pin_list>
<bind>
<StgValue><ssdm name=""/></StgValue>
</bind>
</comp>

<comp id="80" class="1001" name="const_80">
<pin_list>
<pin id="81" dir="1" index="0" bw="1" slack="0"/>
</pin_list>
<bind>
<StgValue><ssdm name=""/></StgValue>
</bind>
</comp>

<comp id="82" class="1001" name="const_82">
<pin_list>
<pin id="83" dir="1" index="0" bw="1" slack="0"/>
</pin_list>
<bind>
<StgValue><ssdm name=""/></StgValue>
</bind>
</comp>

<comp id="84" class="1001" name="const_84">
<pin_list>
<pin id="85" dir="1" index="0" bw="1" slack="2147483647"/>
</pin_list>
<bind>
<StgValue><ssdm name="p_str2"/></StgValue>
</bind>
</comp>

<comp id="86" class="1001" name="const_86">
<pin_list>
<pin id="87" dir="1" index="0" bw="1" slack="2147483647"/>
</pin_list>
<bind>
<StgValue><ssdm name="p_str22"/></StgValue>
</bind>
</comp>

<comp id="88" class="1001" name="const_88">
<pin_list>
<pin id="89" dir="1" index="0" bw="1" slack="2147483647"/>
</pin_list>
<bind>
<StgValue><ssdm name="_ssdm_op_SpecProtocol"/></StgValue>
</bind>
</comp>

<comp id="90" class="1001" name="const_90">
<pin_list>
<pin id="91" dir="1" index="0" bw="1" slack="0"/>
</pin_list>
<bind>
<StgValue><ssdm name="_ssdm_op_Write.ap_fifo.volatile.i8P"/></StgValue>
</bind>
</comp>

<comp id="92" class="1001" name="const_92">
<pin_list>
<pin id="93" dir="1" index="0" bw="1" slack="2147483647"/>
</pin_list>
<bind>
<StgValue><ssdm name="p_str18"/></StgValue>
</bind>
</comp>

<comp id="94" class="1004" name="sof_1_i_fu_94">
<pin_list>
<pin id="95" dir="0" index="0" bw="1" slack="0"/>
<pin id="96" dir="1" index="1" bw="1" slack="0"/>
</pin_list>
<bind>
<opcode="alloca(26) " fcode="alloca"/>
<opset="sof_1_i/3 "/>
</bind>
</comp>

<comp id="98" class="1004" name="img_cols_V_read_read_fu_98">
<pin_list>
<pin id="99" dir="0" index="0" bw="12" slack="0"/>
<pin id="100" dir="0" index="1" bw="12" slack="0"/>
<pin id="101" dir="1" index="2" bw="12" slack="0"/>
</pin_list>
<bind>
<opcode="read(1150) " fcode="read"/>
<opset="img_cols_V_read/1 "/>
</bind>
</comp>

<comp id="104" class="1004" name="StgValue_24_write_fu_104">
<pin_list>
<pin id="105" dir="0" index="0" bw="0" slack="0"/>
<pin id="106" dir="0" index="1" bw="12" slack="0"/>
<pin id="107" dir="0" index="2" bw="12" slack="0"/>
<pin id="108" dir="1" index="3" bw="0" slack="2147483647"/>
</pin_list>
<bind>
<opcode="write(1151) " fcode="write"/>
<opset="StgValue_24/1 "/>
</bind>
</comp>

<comp id="112" class="1004" name="img_rows_V_read_read_fu_112">
<pin_list>
<pin id="113" dir="0" index="0" bw="12" slack="0"/>
<pin id="114" dir="0" index="1" bw="12" slack="0"/>
<pin id="115" dir="1" index="2" bw="12" slack="0"/>
</pin_list>
<bind>
<opcode="read(1150) " fcode="read"/>
<opset="img_rows_V_read/1 "/>
</bind>
</comp>

<comp id="118" class="1004" name="grp_read_fu_118">
<pin_list>
<pin id="119" dir="0" index="0" bw="34" slack="0"/>
<pin id="120" dir="0" index="1" bw="24" slack="0"/>
<pin id="121" dir="0" index="2" bw="3" slack="0"/>
<pin id="122" dir="0" index="3" bw="3" slack="0"/>
<pin id="123" dir="0" index="4" bw="1" slack="0"/>
<pin id="124" dir="0" index="5" bw="1" slack="0"/>
<pin id="125" dir="0" index="6" bw="1" slack="0"/>
<pin id="126" dir="0" index="7" bw="1" slack="0"/>
<pin id="127" dir="1" index="8" bw="34" slack="0"/>
</pin_list>
<bind>
<opcode="read(1150) " fcode="read"/>
<opset="empty/2 empty_70/5 empty_73/8 "/>
</bind>
</comp>

<comp id="136" class="1004" name="StgValue_80_write_fu_136">
<pin_list>
<pin id="137" dir="0" index="0" bw="0" slack="0"/>
<pin id="138" dir="0" index="1" bw="8" slack="0"/>
<pin id="139" dir="0" index="2" bw="8" slack="1"/>
<pin id="140" dir="1" index="3" bw="0" slack="2147483647"/>
</pin_list>
<bind>
<opcode="write(1151) " fcode="write"/>
<opset="StgValue_80/6 "/>
</bind>
</comp>

<comp id="143" class="1004" name="StgValue_81_write_fu_143">
<pin_list>
<pin id="144" dir="0" index="0" bw="0" slack="0"/>
<pin id="145" dir="0" index="1" bw="8" slack="0"/>
<pin id="146" dir="0" index="2" bw="8" slack="1"/>
<pin id="147" dir="1" index="3" bw="0" slack="2147483647"/>
</pin_list>
<bind>
<opcode="write(1151) " fcode="write"/>
<opset="StgValue_81/6 "/>
</bind>
</comp>

<comp id="150" class="1004" name="StgValue_82_write_fu_150">
<pin_list>
<pin id="151" dir="0" index="0" bw="0" slack="0"/>
<pin id="152" dir="0" index="1" bw="8" slack="0"/>
<pin id="153" dir="0" index="2" bw="8" slack="1"/>
<pin id="154" dir="1" index="3" bw="0" slack="2147483647"/>
</pin_list>
<bind>
<opcode="write(1151) " fcode="write"/>
<opset="StgValue_82/6 "/>
</bind>
</comp>

<comp id="157" class="1005" name="axi_last_V1_i_reg_157">
<pin_list>
<pin id="158" dir="0" index="0" bw="1" slack="1"/>
<pin id="159" dir="1" index="1" bw="1" slack="1"/>
</pin_list>
<bind>
<opset="axi_last_V1_i (phireg) "/>
</bind>
</comp>

<comp id="160" class="1004" name="axi_last_V1_i_phi_fu_160">
<pin_list>
<pin id="161" dir="0" index="0" bw="1" slack="1"/>
<pin id="162" dir="0" index="1" bw="0" slack="2147483647"/>
<pin id="163" dir="0" index="2" bw="1" slack="2"/>
<pin id="164" dir="0" index="3" bw="0" slack="2147483647"/>
<pin id="165" dir="1" index="4" bw="1" slack="1"/>
</pin_list>
<bind>
<opcode="phi(47) " fcode="phi"/>
<opset="axi_last_V1_i/4 "/>
</bind>
</comp>

<comp id="167" class="1005" name="axi_data_V1_i_reg_167">
<pin_list>
<pin id="168" dir="0" index="0" bw="24" slack="1"/>
<pin id="169" dir="1" index="1" bw="24" slack="1"/>
</pin_list>
<bind>
<opset="axi_data_V1_i (phireg) "/>
</bind>
</comp>

<comp id="170" class="1004" name="axi_data_V1_i_phi_fu_170">
<pin_list>
<pin id="171" dir="0" index="0" bw="24" slack="1"/>
<pin id="172" dir="0" index="1" bw="0" slack="2147483647"/>
<pin id="173" dir="0" index="2" bw="24" slack="2"/>
<pin id="174" dir="0" index="3" bw="0" slack="2147483647"/>
<pin id="175" dir="1" index="4" bw="24" slack="1"/>
</pin_list>
<bind>
<opcode="phi(47) " fcode="phi"/>
<opset="axi_data_V1_i/4 "/>
</bind>
</comp>

<comp id="177" class="1005" name="t_V_reg_177">
<pin_list>
<pin id="178" dir="0" index="0" bw="32" slack="1"/>
<pin id="179" dir="1" index="1" bw="32" slack="1"/>
</pin_list>
<bind>
<opset="t_V (phireg) "/>
</bind>
</comp>

<comp id="181" class="1004" name="t_V_phi_fu_181">
<pin_list>
<pin id="182" dir="0" index="0" bw="32" slack="0"/>
<pin id="183" dir="0" index="1" bw="0" slack="2147483647"/>
<pin id="184" dir="0" index="2" bw="1" slack="1"/>
<pin id="185" dir="0" index="3" bw="0" slack="2147483647"/>
<pin id="186" dir="1" index="4" bw="32" slack="0"/>
</pin_list>
<bind>
<opcode="phi(47) " fcode="phi"/>
<opset="t_V/4 "/>
</bind>
</comp>

<comp id="188" class="1005" name="eol_reg_188">
<pin_list>
<pin id="189" dir="0" index="0" bw="1" slack="2"/>
<pin id="190" dir="1" index="1" bw="1" slack="2"/>
</pin_list>
<bind>
<opset="eol (phireg) "/>
</bind>
</comp>

<comp id="191" class="1004" name="eol_phi_fu_191">
<pin_list>
<pin id="192" dir="0" index="0" bw="1" slack="1"/>
<pin id="193" dir="0" index="1" bw="0" slack="2147483647"/>
<pin id="194" dir="0" index="2" bw="1" slack="0"/>
<pin id="195" dir="0" index="3" bw="0" slack="2147483647"/>
<pin id="196" dir="1" index="4" bw="1" slack="0"/>
</pin_list>
<bind>
<opcode="phi(47) " fcode="phi"/>
<opset="eol/5 "/>
</bind>
</comp>

<comp id="199" class="1005" name="axi_data_V_1_i_reg_199">
<pin_list>
<pin id="200" dir="0" index="0" bw="24" slack="2"/>
<pin id="201" dir="1" index="1" bw="24" slack="2"/>
</pin_list>
<bind>
<opset="axi_data_V_1_i (phireg) "/>
</bind>
</comp>

<comp id="202" class="1004" name="axi_data_V_1_i_phi_fu_202">
<pin_list>
<pin id="203" dir="0" index="0" bw="24" slack="1"/>
<pin id="204" dir="0" index="1" bw="0" slack="2147483647"/>
<pin id="205" dir="0" index="2" bw="24" slack="0"/>
<pin id="206" dir="0" index="3" bw="0" slack="2147483647"/>
<pin id="207" dir="1" index="4" bw="24" slack="0"/>
</pin_list>
<bind>
<opcode="phi(47) " fcode="phi"/>
<opset="axi_data_V_1_i/5 "/>
</bind>
</comp>

<comp id="210" class="1005" name="t_V_4_reg_210">
<pin_list>
<pin id="211" dir="0" index="0" bw="32" slack="1"/>
<pin id="212" dir="1" index="1" bw="32" slack="1"/>
</pin_list>
<bind>
<opset="t_V_4 (phireg) "/>
</bind>
</comp>

<comp id="214" class="1004" name="t_V_4_phi_fu_214">
<pin_list>
<pin id="215" dir="0" index="0" bw="1" slack="1"/>
<pin id="216" dir="0" index="1" bw="0" slack="2147483647"/>
<pin id="217" dir="0" index="2" bw="32" slack="0"/>
<pin id="218" dir="0" index="3" bw="0" slack="2147483647"/>
<pin id="219" dir="1" index="4" bw="32" slack="0"/>
</pin_list>
<bind>
<opcode="phi(47) " fcode="phi"/>
<opset="t_V_4/5 "/>
</bind>
</comp>

<comp id="221" class="1005" name="eol_i_reg_221">
<pin_list>
<pin id="222" dir="0" index="0" bw="1" slack="1"/>
<pin id="223" dir="1" index="1" bw="1" slack="1"/>
</pin_list>
<bind>
<opset="eol_i (phireg) "/>
</bind>
</comp>

<comp id="225" class="1004" name="eol_i_phi_fu_225">
<pin_list>
<pin id="226" dir="0" index="0" bw="1" slack="1"/>
<pin id="227" dir="0" index="1" bw="0" slack="2147483647"/>
<pin id="228" dir="0" index="2" bw="1" slack="0"/>
<pin id="229" dir="0" index="3" bw="0" slack="2147483647"/>
<pin id="230" dir="1" index="4" bw="1" slack="0"/>
</pin_list>
<bind>
<opcode="phi(47) " fcode="phi"/>
<opset="eol_i/5 "/>
</bind>
</comp>

<comp id="233" class="1005" name="axi_last_V_2_i_reg_233">
<pin_list>
<pin id="234" dir="0" index="0" bw="1" slack="0"/>
<pin id="235" dir="1" index="1" bw="1" slack="0"/>
</pin_list>
<bind>
<opset="axi_last_V_2_i (phireg) "/>
</bind>
</comp>

<comp id="238" class="1004" name="axi_last_V_2_i_phi_fu_238">
<pin_list>
<pin id="239" dir="0" index="0" bw="1" slack="0"/>
<pin id="240" dir="0" index="1" bw="0" slack="2147483647"/>
<pin id="241" dir="0" index="2" bw="1" slack="0"/>
<pin id="242" dir="0" index="3" bw="0" slack="2147483647"/>
<pin id="243" dir="1" index="4" bw="1" slack="0"/>
</pin_list>
<bind>
<opcode="phi(47) " fcode="phi"/>
<opset="axi_last_V_2_i/5 "/>
</bind>
</comp>

<comp id="246" class="1005" name="p_Val2_s_reg_246">
<pin_list>
<pin id="247" dir="0" index="0" bw="24" slack="0"/>
<pin id="248" dir="1" index="1" bw="24" slack="0"/>
</pin_list>
<bind>
<opset="p_Val2_s (phireg) "/>
</bind>
</comp>

<comp id="250" class="1004" name="p_Val2_s_phi_fu_250">
<pin_list>
<pin id="251" dir="0" index="0" bw="24" slack="0"/>
<pin id="252" dir="0" index="1" bw="0" slack="2147483647"/>
<pin id="253" dir="0" index="2" bw="24" slack="0"/>
<pin id="254" dir="0" index="3" bw="0" slack="2147483647"/>
<pin id="255" dir="1" index="4" bw="24" slack="0"/>
</pin_list>
<bind>
<opcode="phi(47) " fcode="phi"/>
<opset="p_Val2_s/5 "/>
</bind>
</comp>

<comp id="258" class="1005" name="axi_last_V_3_i_reg_258">
<pin_list>
<pin id="259" dir="0" index="0" bw="1" slack="1"/>
<pin id="260" dir="1" index="1" bw="1" slack="1"/>
</pin_list>
<bind>
<opset="axi_last_V_3_i (phireg) "/>
</bind>
</comp>

<comp id="262" class="1004" name="axi_last_V_3_i_phi_fu_262">
<pin_list>
<pin id="263" dir="0" index="0" bw="1" slack="0"/>
<pin id="264" dir="0" index="1" bw="0" slack="2147483647"/>
<pin id="265" dir="0" index="2" bw="1" slack="2"/>
<pin id="266" dir="0" index="3" bw="0" slack="2147483647"/>
<pin id="267" dir="1" index="4" bw="1" slack="1"/>
</pin_list>
<bind>
<opcode="phi(47) " fcode="phi"/>
<opset="axi_last_V_3_i/8 "/>
</bind>
</comp>

<comp id="270" class="1005" name="axi_data_V_3_i_reg_270">
<pin_list>
<pin id="271" dir="0" index="0" bw="24" slack="1"/>
<pin id="272" dir="1" index="1" bw="24" slack="1"/>
</pin_list>
<bind>
<opset="axi_data_V_3_i (phireg) "/>
</bind>
</comp>

<comp id="274" class="1004" name="axi_data_V_3_i_phi_fu_274">
<pin_list>
<pin id="275" dir="0" index="0" bw="24" slack="0"/>
<pin id="276" dir="0" index="1" bw="0" slack="2147483647"/>
<pin id="277" dir="0" index="2" bw="24" slack="2"/>
<pin id="278" dir="0" index="3" bw="0" slack="2147483647"/>
<pin id="279" dir="1" index="4" bw="24" slack="1"/>
</pin_list>
<bind>
<opcode="phi(47) " fcode="phi"/>
<opset="axi_data_V_3_i/8 "/>
</bind>
</comp>

<comp id="282" class="1005" name="eol_2_i_reg_282">
<pin_list>
<pin id="283" dir="0" index="0" bw="1" slack="2147483647"/>
<pin id="284" dir="1" index="1" bw="1" slack="2147483647"/>
</pin_list>
<bind>
<opset="eol_2_i (phireg) "/>
</bind>
</comp>

<comp id="285" class="1004" name="eol_2_i_phi_fu_285">
<pin_list>
<pin id="286" dir="0" index="0" bw="1" slack="0"/>
<pin id="287" dir="0" index="1" bw="0" slack="2147483647"/>
<pin id="288" dir="0" index="2" bw="1" slack="2"/>
<pin id="289" dir="0" index="3" bw="0" slack="2147483647"/>
<pin id="290" dir="1" index="4" bw="1" slack="2147483647"/>
</pin_list>
<bind>
<opcode="phi(47) " fcode="phi"/>
<opset="eol_2_i/8 "/>
</bind>
</comp>

<comp id="292" class="1004" name="grp_fu_292">
<pin_list>
<pin id="293" dir="0" index="0" bw="34" slack="0"/>
<pin id="294" dir="1" index="1" bw="24" slack="0"/>
</pin_list>
<bind>
<opcode="extractvalue(56) " fcode="extractvalue"/>
<opset="tmp_data_V/2 tmp_data_V_1/5 tmp_data_V_2/8 "/>
</bind>
</comp>

<comp id="297" class="1004" name="grp_fu_297">
<pin_list>
<pin id="298" dir="0" index="0" bw="34" slack="0"/>
<pin id="299" dir="1" index="1" bw="1" slack="0"/>
</pin_list>
<bind>
<opcode="extractvalue(56) " fcode="extractvalue"/>
<opset="tmp_last_V/2 tmp_last_V_1/5 tmp_last_V_2/8 "/>
</bind>
</comp>

<comp id="302" class="1004" name="rows_V_fu_302">
<pin_list>
<pin id="303" dir="0" index="0" bw="12" slack="0"/>
<pin id="304" dir="1" index="1" bw="32" slack="3"/>
</pin_list>
<bind>
<opcode="sext(35) " fcode="sext"/>
<opset="rows_V/1 "/>
</bind>
</comp>

<comp id="306" class="1004" name="cols_V_fu_306">
<pin_list>
<pin id="307" dir="0" index="0" bw="12" slack="0"/>
<pin id="308" dir="1" index="1" bw="32" slack="4"/>
</pin_list>
<bind>
<opcode="sext(35) " fcode="sext"/>
<opset="cols_V/1 "/>
</bind>
</comp>

<comp id="310" class="1004" name="tmp_user_V_fu_310">
<pin_list>
<pin id="311" dir="0" index="0" bw="34" slack="0"/>
<pin id="312" dir="1" index="1" bw="1" slack="2147483647"/>
</pin_list>
<bind>
<opcode="extractvalue(56) " fcode="extractvalue"/>
<opset="tmp_user_V/2 "/>
</bind>
</comp>

<comp id="314" class="1004" name="StgValue_41_store_fu_314">
<pin_list>
<pin id="315" dir="0" index="0" bw="1" slack="0"/>
<pin id="316" dir="0" index="1" bw="1" slack="0"/>
<pin id="317" dir="1" index="2" bw="0" slack="2147483647"/>
</pin_list>
<bind>
<opcode="store(28) " fcode="store"/>
<opset="StgValue_41/3 "/>
</bind>
</comp>

<comp id="319" class="1004" name="exitcond3_i_fu_319">
<pin_list>
<pin id="320" dir="0" index="0" bw="32" slack="0"/>
<pin id="321" dir="0" index="1" bw="12" slack="3"/>
<pin id="322" dir="1" index="2" bw="1" slack="1"/>
</pin_list>
<bind>
<opcode="icmp(45) " fcode="icmp"/>
<opset="exitcond3_i/4 "/>
</bind>
</comp>

<comp id="324" class="1004" name="i_V_fu_324">
<pin_list>
<pin id="325" dir="0" index="0" bw="32" slack="0"/>
<pin id="326" dir="0" index="1" bw="1" slack="0"/>
<pin id="327" dir="1" index="2" bw="32" slack="0"/>
</pin_list>
<bind>
<opcode="add(8) " fcode="add"/>
<opset="i_V/4 "/>
</bind>
</comp>

<comp id="330" class="1004" name="exitcond_i_fu_330">
<pin_list>
<pin id="331" dir="0" index="0" bw="32" slack="0"/>
<pin id="332" dir="0" index="1" bw="12" slack="4"/>
<pin id="333" dir="1" index="2" bw="1" slack="1"/>
</pin_list>
<bind>
<opcode="icmp(45) " fcode="icmp"/>
<opset="exitcond_i/5 "/>
</bind>
</comp>

<comp id="335" class="1004" name="j_V_fu_335">
<pin_list>
<pin id="336" dir="0" index="0" bw="32" slack="0"/>
<pin id="337" dir="0" index="1" bw="1" slack="0"/>
<pin id="338" dir="1" index="2" bw="32" slack="0"/>
</pin_list>
<bind>
<opcode="add(8) " fcode="add"/>
<opset="j_V/5 "/>
</bind>
</comp>

<comp id="341" class="1004" name="sof_1_i_load_load_fu_341">
<pin_list>
<pin id="342" dir="0" index="0" bw="1" slack="2"/>
<pin id="343" dir="1" index="1" bw="1" slack="0"/>
</pin_list>
<bind>
<opcode="load(27) " fcode="load"/>
<opset="sof_1_i_load/5 "/>
</bind>
</comp>

<comp id="344" class="1004" name="brmerge_i_fu_344">
<pin_list>
<pin id="345" dir="0" index="0" bw="1" slack="0"/>
<pin id="346" dir="0" index="1" bw="1" slack="0"/>
<pin id="347" dir="1" index="2" bw="1" slack="1"/>
</pin_list>
<bind>
<opcode="or(24) " fcode="or"/>
<opset="brmerge_i/5 "/>
</bind>
</comp>

<comp id="350" class="1004" name="tmp_fu_350">
<pin_list>
<pin id="351" dir="0" index="0" bw="24" slack="0"/>
<pin id="352" dir="1" index="1" bw="8" slack="1"/>
</pin_list>
<bind>
<opcode="trunc(33) " fcode="trunc"/>
<opset="tmp/5 "/>
</bind>
</comp>

<comp id="354" class="1004" name="tmp_20_fu_354">
<pin_list>
<pin id="355" dir="0" index="0" bw="8" slack="0"/>
<pin id="356" dir="0" index="1" bw="24" slack="0"/>
<pin id="357" dir="0" index="2" bw="5" slack="0"/>
<pin id="358" dir="0" index="3" bw="5" slack="0"/>
<pin id="359" dir="1" index="4" bw="8" slack="1"/>
</pin_list>
<bind>
<opcode="partselect(1002) " fcode="partselect"/>
<opset="tmp_20/5 "/>
</bind>
</comp>

<comp id="364" class="1004" name="tmp_21_fu_364">
<pin_list>
<pin id="365" dir="0" index="0" bw="8" slack="0"/>
<pin id="366" dir="0" index="1" bw="24" slack="0"/>
<pin id="367" dir="0" index="2" bw="6" slack="0"/>
<pin id="368" dir="0" index="3" bw="6" slack="0"/>
<pin id="369" dir="1" index="4" bw="8" slack="1"/>
</pin_list>
<bind>
<opcode="partselect(1002) " fcode="partselect"/>
<opset="tmp_21/5 "/>
</bind>
</comp>

<comp id="374" class="1004" name="StgValue_74_store_fu_374">
<pin_list>
<pin id="375" dir="0" index="0" bw="1" slack="0"/>
<pin id="376" dir="0" index="1" bw="1" slack="2"/>
<pin id="377" dir="1" index="2" bw="0" slack="2147483647"/>
</pin_list>
<bind>
<opcode="store(28) " fcode="store"/>
<opset="StgValue_74/5 "/>
</bind>
</comp>

<comp id="379" class="1005" name="rows_V_reg_379">
<pin_list>
<pin id="380" dir="0" index="0" bw="32" slack="3"/>
<pin id="381" dir="1" index="1" bw="32" slack="3"/>
</pin_list>
<bind>
<opset="rows_V "/>
</bind>
</comp>

<comp id="384" class="1005" name="cols_V_reg_384">
<pin_list>
<pin id="385" dir="0" index="0" bw="32" slack="4"/>
<pin id="386" dir="1" index="1" bw="32" slack="4"/>
</pin_list>
<bind>
<opset="cols_V "/>
</bind>
</comp>

<comp id="389" class="1005" name="tmp_data_V_reg_389">
<pin_list>
<pin id="390" dir="0" index="0" bw="24" slack="2"/>
<pin id="391" dir="1" index="1" bw="24" slack="2"/>
</pin_list>
<bind>
<opset="tmp_data_V "/>
</bind>
</comp>

<comp id="397" class="1005" name="tmp_last_V_reg_397">
<pin_list>
<pin id="398" dir="0" index="0" bw="1" slack="2"/>
<pin id="399" dir="1" index="1" bw="1" slack="2"/>
</pin_list>
<bind>
<opset="tmp_last_V "/>
</bind>
</comp>

<comp id="402" class="1005" name="sof_1_i_reg_402">
<pin_list>
<pin id="403" dir="0" index="0" bw="1" slack="0"/>
<pin id="404" dir="1" index="1" bw="1" slack="0"/>
</pin_list>
<bind>
<opset="sof_1_i "/>
</bind>
</comp>

<comp id="409" class="1005" name="exitcond3_i_reg_409">
<pin_list>
<pin id="410" dir="0" index="0" bw="1" slack="1"/>
<pin id="411" dir="1" index="1" bw="1" slack="2147483647"/>
</pin_list>
<bind>
<opset="exitcond3_i "/>
</bind>
</comp>

<comp id="413" class="1005" name="i_V_reg_413">
<pin_list>
<pin id="414" dir="0" index="0" bw="32" slack="0"/>
<pin id="415" dir="1" index="1" bw="32" slack="0"/>
</pin_list>
<bind>
<opset="i_V "/>
</bind>
</comp>

<comp id="418" class="1005" name="exitcond_i_reg_418">
<pin_list>
<pin id="419" dir="0" index="0" bw="1" slack="1"/>
<pin id="420" dir="1" index="1" bw="1" slack="2147483647"/>
</pin_list>
<bind>
<opset="exitcond_i "/>
</bind>
</comp>

<comp id="422" class="1005" name="j_V_reg_422">
<pin_list>
<pin id="423" dir="0" index="0" bw="32" slack="0"/>
<pin id="424" dir="1" index="1" bw="32" slack="0"/>
</pin_list>
<bind>
<opset="j_V "/>
</bind>
</comp>

<comp id="427" class="1005" name="brmerge_i_reg_427">
<pin_list>
<pin id="428" dir="0" index="0" bw="1" slack="1"/>
<pin id="429" dir="1" index="1" bw="1" slack="2147483647"/>
</pin_list>
<bind>
<opset="brmerge_i "/>
</bind>
</comp>

<comp id="431" class="1005" name="tmp_reg_431">
<pin_list>
<pin id="432" dir="0" index="0" bw="8" slack="1"/>
<pin id="433" dir="1" index="1" bw="8" slack="1"/>
</pin_list>
<bind>
<opset="tmp "/>
</bind>
</comp>

<comp id="436" class="1005" name="tmp_20_reg_436">
<pin_list>
<pin id="437" dir="0" index="0" bw="8" slack="1"/>
<pin id="438" dir="1" index="1" bw="8" slack="1"/>
</pin_list>
<bind>
<opset="tmp_20 "/>
</bind>
</comp>

<comp id="441" class="1005" name="tmp_21_reg_441">
<pin_list>
<pin id="442" dir="0" index="0" bw="8" slack="1"/>
<pin id="443" dir="1" index="1" bw="8" slack="1"/>
</pin_list>
<bind>
<opset="tmp_21 "/>
</bind>
</comp>

<comp id="446" class="1005" name="tmp_data_V_2_reg_446">
<pin_list>
<pin id="447" dir="0" index="0" bw="24" slack="0"/>
<pin id="448" dir="1" index="1" bw="24" slack="0"/>
</pin_list>
<bind>
<opset="tmp_data_V_2 "/>
</bind>
</comp>

<comp id="451" class="1005" name="tmp_last_V_2_reg_451">
<pin_list>
<pin id="452" dir="0" index="0" bw="1" slack="0"/>
<pin id="453" dir="1" index="1" bw="1" slack="0"/>
</pin_list>
<bind>
<opset="tmp_last_V_2 "/>
</bind>
</comp>

</comp_list>

<net_list>
<net id="97"><net_src comp="40" pin="0"/><net_sink comp="94" pin=0"/></net>

<net id="102"><net_src comp="46" pin="0"/><net_sink comp="98" pin=0"/></net>

<net id="103"><net_src comp="16" pin="0"/><net_sink comp="98" pin=1"/></net>

<net id="109"><net_src comp="48" pin="0"/><net_sink comp="104" pin=0"/></net>

<net id="110"><net_src comp="24" pin="0"/><net_sink comp="104" pin=1"/></net>

<net id="111"><net_src comp="98" pin="2"/><net_sink comp="104" pin=2"/></net>

<net id="116"><net_src comp="46" pin="0"/><net_sink comp="112" pin=0"/></net>

<net id="117"><net_src comp="14" pin="0"/><net_sink comp="112" pin=1"/></net>

<net id="128"><net_src comp="60" pin="0"/><net_sink comp="118" pin=0"/></net>

<net id="129"><net_src comp="0" pin="0"/><net_sink comp="118" pin=1"/></net>

<net id="130"><net_src comp="2" pin="0"/><net_sink comp="118" pin=2"/></net>

<net id="131"><net_src comp="4" pin="0"/><net_sink comp="118" pin=3"/></net>

<net id="132"><net_src comp="6" pin="0"/><net_sink comp="118" pin=4"/></net>

<net id="133"><net_src comp="8" pin="0"/><net_sink comp="118" pin=5"/></net>

<net id="134"><net_src comp="10" pin="0"/><net_sink comp="118" pin=6"/></net>

<net id="135"><net_src comp="12" pin="0"/><net_sink comp="118" pin=7"/></net>

<net id="141"><net_src comp="90" pin="0"/><net_sink comp="136" pin=0"/></net>

<net id="142"><net_src comp="18" pin="0"/><net_sink comp="136" pin=1"/></net>

<net id="148"><net_src comp="90" pin="0"/><net_sink comp="143" pin=0"/></net>

<net id="149"><net_src comp="20" pin="0"/><net_sink comp="143" pin=1"/></net>

<net id="155"><net_src comp="90" pin="0"/><net_sink comp="150" pin=0"/></net>

<net id="156"><net_src comp="22" pin="0"/><net_sink comp="150" pin=1"/></net>

<net id="166"><net_src comp="160" pin="4"/><net_sink comp="157" pin=0"/></net>

<net id="176"><net_src comp="170" pin="4"/><net_sink comp="167" pin=0"/></net>

<net id="180"><net_src comp="30" pin="0"/><net_sink comp="177" pin=0"/></net>

<net id="187"><net_src comp="177" pin="1"/><net_sink comp="181" pin=2"/></net>

<net id="197"><net_src comp="157" pin="1"/><net_sink comp="191" pin=0"/></net>

<net id="198"><net_src comp="191" pin="4"/><net_sink comp="188" pin=0"/></net>

<net id="208"><net_src comp="167" pin="1"/><net_sink comp="202" pin=0"/></net>

<net id="209"><net_src comp="202" pin="4"/><net_sink comp="199" pin=0"/></net>

<net id="213"><net_src comp="30" pin="0"/><net_sink comp="210" pin=0"/></net>

<net id="220"><net_src comp="210" pin="1"/><net_sink comp="214" pin=0"/></net>

<net id="224"><net_src comp="72" pin="0"/><net_sink comp="221" pin=0"/></net>

<net id="231"><net_src comp="221" pin="1"/><net_sink comp="225" pin=0"/></net>

<net id="232"><net_src comp="225" pin="4"/><net_sink comp="221" pin=0"/></net>

<net id="236"><net_src comp="233" pin="1"/><net_sink comp="191" pin=2"/></net>

<net id="237"><net_src comp="233" pin="1"/><net_sink comp="225" pin=2"/></net>

<net id="244"><net_src comp="191" pin="4"/><net_sink comp="238" pin=2"/></net>

<net id="245"><net_src comp="238" pin="4"/><net_sink comp="233" pin=0"/></net>

<net id="249"><net_src comp="246" pin="1"/><net_sink comp="202" pin=2"/></net>

<net id="256"><net_src comp="202" pin="4"/><net_sink comp="250" pin=2"/></net>

<net id="257"><net_src comp="250" pin="4"/><net_sink comp="246" pin=0"/></net>

<net id="261"><net_src comp="258" pin="1"/><net_sink comp="160" pin=0"/></net>

<net id="268"><net_src comp="188" pin="1"/><net_sink comp="262" pin=2"/></net>

<net id="269"><net_src comp="262" pin="4"/><net_sink comp="258" pin=0"/></net>

<net id="273"><net_src comp="270" pin="1"/><net_sink comp="170" pin=0"/></net>

<net id="280"><net_src comp="199" pin="1"/><net_sink comp="274" pin=2"/></net>

<net id="281"><net_src comp="274" pin="4"/><net_sink comp="270" pin=0"/></net>

<net id="291"><net_src comp="221" pin="1"/><net_sink comp="285" pin=2"/></net>

<net id="295"><net_src comp="118" pin="8"/><net_sink comp="292" pin=0"/></net>

<net id="296"><net_src comp="292" pin="1"/><net_sink comp="250" pin=0"/></net>

<net id="300"><net_src comp="118" pin="8"/><net_sink comp="297" pin=0"/></net>

<net id="301"><net_src comp="297" pin="1"/><net_sink comp="238" pin=0"/></net>

<net id="305"><net_src comp="112" pin="2"/><net_sink comp="302" pin=0"/></net>

<net id="309"><net_src comp="98" pin="2"/><net_sink comp="306" pin=0"/></net>

<net id="313"><net_src comp="118" pin="8"/><net_sink comp="310" pin=0"/></net>

<net id="318"><net_src comp="64" pin="0"/><net_sink comp="314" pin=0"/></net>

<net id="323"><net_src comp="181" pin="4"/><net_sink comp="319" pin=0"/></net>

<net id="328"><net_src comp="181" pin="4"/><net_sink comp="324" pin=0"/></net>

<net id="329"><net_src comp="40" pin="0"/><net_sink comp="324" pin=1"/></net>

<net id="334"><net_src comp="214" pin="4"/><net_sink comp="330" pin=0"/></net>

<net id="339"><net_src comp="214" pin="4"/><net_sink comp="335" pin=0"/></net>

<net id="340"><net_src comp="40" pin="0"/><net_sink comp="335" pin=1"/></net>

<net id="348"><net_src comp="341" pin="1"/><net_sink comp="344" pin=0"/></net>

<net id="349"><net_src comp="225" pin="4"/><net_sink comp="344" pin=1"/></net>

<net id="353"><net_src comp="250" pin="4"/><net_sink comp="350" pin=0"/></net>

<net id="360"><net_src comp="76" pin="0"/><net_sink comp="354" pin=0"/></net>

<net id="361"><net_src comp="250" pin="4"/><net_sink comp="354" pin=1"/></net>

<net id="362"><net_src comp="78" pin="0"/><net_sink comp="354" pin=2"/></net>

<net id="363"><net_src comp="80" pin="0"/><net_sink comp="354" pin=3"/></net>

<net id="370"><net_src comp="76" pin="0"/><net_sink comp="364" pin=0"/></net>

<net id="371"><net_src comp="250" pin="4"/><net_sink comp="364" pin=1"/></net>

<net id="372"><net_src comp="36" pin="0"/><net_sink comp="364" pin=2"/></net>

<net id="373"><net_src comp="82" pin="0"/><net_sink comp="364" pin=3"/></net>

<net id="378"><net_src comp="72" pin="0"/><net_sink comp="374" pin=0"/></net>

<net id="382"><net_src comp="302" pin="1"/><net_sink comp="379" pin=0"/></net>

<net id="383"><net_src comp="379" pin="1"/><net_sink comp="319" pin=1"/></net>

<net id="387"><net_src comp="306" pin="1"/><net_sink comp="384" pin=0"/></net>

<net id="388"><net_src comp="384" pin="1"/><net_sink comp="330" pin=1"/></net>

<net id="392"><net_src comp="292" pin="1"/><net_sink comp="389" pin=0"/></net>

<net id="393"><net_src comp="389" pin="1"/><net_sink comp="170" pin=2"/></net>

<net id="400"><net_src comp="297" pin="1"/><net_sink comp="397" pin=0"/></net>

<net id="401"><net_src comp="397" pin="1"/><net_sink comp="160" pin=2"/></net>

<net id="405"><net_src comp="94" pin="1"/><net_sink comp="402" pin=0"/></net>

<net id="406"><net_src comp="402" pin="1"/><net_sink comp="314" pin=1"/></net>

<net id="407"><net_src comp="402" pin="1"/><net_sink comp="341" pin=0"/></net>

<net id="408"><net_src comp="402" pin="1"/><net_sink comp="374" pin=1"/></net>

<net id="412"><net_src comp="319" pin="2"/><net_sink comp="409" pin=0"/></net>

<net id="416"><net_src comp="324" pin="2"/><net_sink comp="413" pin=0"/></net>

<net id="417"><net_src comp="413" pin="1"/><net_sink comp="181" pin=0"/></net>

<net id="421"><net_src comp="330" pin="2"/><net_sink comp="418" pin=0"/></net>

<net id="425"><net_src comp="335" pin="2"/><net_sink comp="422" pin=0"/></net>

<net id="426"><net_src comp="422" pin="1"/><net_sink comp="214" pin=2"/></net>

<net id="430"><net_src comp="344" pin="2"/><net_sink comp="427" pin=0"/></net>

<net id="434"><net_src comp="350" pin="1"/><net_sink comp="431" pin=0"/></net>

<net id="435"><net_src comp="431" pin="1"/><net_sink comp="136" pin=2"/></net>

<net id="439"><net_src comp="354" pin="4"/><net_sink comp="436" pin=0"/></net>

<net id="440"><net_src comp="436" pin="1"/><net_sink comp="143" pin=2"/></net>

<net id="444"><net_src comp="364" pin="4"/><net_sink comp="441" pin=0"/></net>

<net id="445"><net_src comp="441" pin="1"/><net_sink comp="150" pin=2"/></net>

<net id="449"><net_src comp="292" pin="1"/><net_sink comp="446" pin=0"/></net>

<net id="450"><net_src comp="446" pin="1"/><net_sink comp="274" pin=0"/></net>

<net id="454"><net_src comp="297" pin="1"/><net_sink comp="451" pin=0"/></net>

<net id="455"><net_src comp="451" pin="1"/><net_sink comp="262" pin=0"/></net>

<net id="456"><net_src comp="451" pin="1"/><net_sink comp="285" pin=0"/></net>

</net_list>

</model> 
---------------- Datapath Model END ------------------

* FSMD analyzer results:
  - Output states:
	Port: img_data_stream_0_V | {6 }
	Port: img_data_stream_1_V | {6 }
	Port: img_data_stream_2_V | {6 }
	Port: img_cols_V_out | {1 }
 - Input state : 
	Port: AXIvideo2Mat : AXI_video_strm_V_data_V | {2 5 8 }
	Port: AXIvideo2Mat : AXI_video_strm_V_keep_V | {2 5 8 }
	Port: AXIvideo2Mat : AXI_video_strm_V_strb_V | {2 5 8 }
	Port: AXIvideo2Mat : AXI_video_strm_V_user_V | {2 5 8 }
	Port: AXIvideo2Mat : AXI_video_strm_V_last_V | {2 5 8 }
	Port: AXIvideo2Mat : AXI_video_strm_V_id_V | {2 5 8 }
	Port: AXIvideo2Mat : AXI_video_strm_V_dest_V | {2 5 8 }
	Port: AXIvideo2Mat : img_rows_V | {1 }
	Port: AXIvideo2Mat : img_cols_V | {1 }
  - Chain level:
	State 1
	State 2
		empty_69 : 1
		StgValue_39 : 1
	State 3
		StgValue_41 : 1
	State 4
		exitcond3_i : 1
		i_V : 1
		StgValue_49 : 2
	State 5
		exitcond_i : 1
		j_V : 1
		StgValue_61 : 2
		brmerge_i : 1
		StgValue_64 : 1
		axi_last_V_2_i : 2
		p_Val2_s : 2
		tmp : 3
		tmp_20 : 3
		tmp_21 : 3
	State 6
		empty_71 : 1
		empty_72 : 1
	State 7
	State 8
		StgValue_90 : 1
		empty_74 : 1
	State 9


============================================================
+ Verbose Summary: Datapath Resource usage 
============================================================

* Functional unit list:
|----------|-----------------------------|---------|---------|
| Operation|       Functional Unit       |    FF   |   LUT   |
|----------|-----------------------------|---------|---------|
|    add   |          i_V_fu_324         |    0    |    39   |
|          |          j_V_fu_335         |    0    |    39   |
|----------|-----------------------------|---------|---------|
|   icmp   |      exitcond3_i_fu_319     |    0    |    18   |
|          |      exitcond_i_fu_330      |    0    |    18   |
|----------|-----------------------------|---------|---------|
|    or    |       brmerge_i_fu_344      |    0    |    2    |
|----------|-----------------------------|---------|---------|
|          |  img_cols_V_read_read_fu_98 |    0    |    0    |
|   read   | img_rows_V_read_read_fu_112 |    0    |    0    |
|          |       grp_read_fu_118       |    0    |    0    |
|----------|-----------------------------|---------|---------|
|          |   StgValue_24_write_fu_104  |    0    |    0    |
|   write  |   StgValue_80_write_fu_136  |    0    |    0    |
|          |   StgValue_81_write_fu_143  |    0    |    0    |
|          |   StgValue_82_write_fu_150  |    0    |    0    |
|----------|-----------------------------|---------|---------|
|          |          grp_fu_292         |    0    |    0    |
|extractvalue|          grp_fu_297         |    0    |    0    |
|          |      tmp_user_V_fu_310      |    0    |    0    |
|----------|-----------------------------|---------|---------|
|   sext   |        rows_V_fu_302        |    0    |    0    |
|          |        cols_V_fu_306        |    0    |    0    |
|----------|-----------------------------|---------|---------|
|   trunc  |          tmp_fu_350         |    0    |    0    |
|----------|-----------------------------|---------|---------|
|partselect|        tmp_20_fu_354        |    0    |    0    |
|          |        tmp_21_fu_364        |    0    |    0    |
|----------|-----------------------------|---------|---------|
|   Total  |                             |    0    |   116   |
|----------|-----------------------------|---------|---------|

Memories:
N/A

* Register list:
+----------------------+--------+
|                      |   FF   |
+----------------------+--------+
| axi_data_V1_i_reg_167|   24   |
|axi_data_V_1_i_reg_199|   24   |
|axi_data_V_3_i_reg_270|   24   |
| axi_last_V1_i_reg_157|    1   |
|axi_last_V_2_i_reg_233|    1   |
|axi_last_V_3_i_reg_258|    1   |
|   brmerge_i_reg_427  |    1   |
|    cols_V_reg_384    |   32   |
|    eol_2_i_reg_282   |    1   |
|     eol_i_reg_221    |    1   |
|      eol_reg_188     |    1   |
|  exitcond3_i_reg_409 |    1   |
|  exitcond_i_reg_418  |    1   |
|      i_V_reg_413     |   32   |
|      j_V_reg_422     |   32   |
|   p_Val2_s_reg_246   |   24   |
|    rows_V_reg_379    |   32   |
|    sof_1_i_reg_402   |    1   |
|     t_V_4_reg_210    |   32   |
|      t_V_reg_177     |   32   |
|    tmp_20_reg_436    |    8   |
|    tmp_21_reg_441    |    8   |
| tmp_data_V_2_reg_446 |   24   |
|  tmp_data_V_reg_389  |   24   |
| tmp_last_V_2_reg_451 |    1   |
|  tmp_last_V_reg_397  |    1   |
|      tmp_reg_431     |    8   |
+----------------------+--------+
|         Total        |   372  |
+----------------------+--------+

* Multiplexer (MUX) list: 
|---------------|------|------|------|--------||---------||---------|
|      Comp     |  Pin | Size |  BW  | S x BW ||  Delay  ||   LUT   |
|---------------|------|------|------|--------||---------||---------|
| eol_i_reg_221 |  p0  |   2  |   1  |    2   ||    9    |
|---------------|------|------|------|--------||---------||---------|
|     Total     |      |      |      |    2   ||  1.769  ||    9    |
|---------------|------|------|------|--------||---------||---------|



* Summary:
+-----------+--------+--------+--------+
|           |  Delay |   FF   |   LUT  |
+-----------+--------+--------+--------+
|  Function |    -   |    0   |   116  |
|   Memory  |    -   |    -   |    -   |
|Multiplexer|    1   |    -   |    9   |
|  Register |    -   |   372  |    -   |
+-----------+--------+--------+--------+
|   Total   |    1   |   372  |   125  |
+-----------+--------+--------+--------+
