

================================================================
== Vivado HLS Report for 'Block_proc55'
================================================================
* Date:           Thu Apr 25 22:46:33 2019

* Version:        2018.3 (Build 2405991 on Thu Dec 06 23:56:15 MST 2018)
* Project:        hls_video_processor
* Solution:       solution1
* Product family: zynq
* Target device:  xc7z020clg400-1


================================================================
== Performance Estimates
================================================================
+ Timing (ns): 
    * Summary: 
    +--------+-------+----------+------------+
    |  Clock | Target| Estimated| Uncertainty|
    +--------+-------+----------+------------+
    |ap_clk  |   6.60|     2.888|        0.82|
    +--------+-------+----------+------------+

+ Latency (clock cycles): 
    * Summary: 
    +-----+-----+-----+-----+---------+
    |  Latency  |  Interval | Pipeline|
    | min | max | min | max |   Type  |
    +-----+-----+-----+-----+---------+
    |    0|    0|    0|    0|   none  |
    +-----+-----+-----+-----+---------+

    + Detail: 
        * Instance: 
        N/A

        * Loop: 
        N/A



================================================================
== Utilization Estimates
================================================================
* Summary: 
+-----------------+---------+-------+--------+-------+
|       Name      | BRAM_18K| DSP48E|   FF   |  LUT  |
+-----------------+---------+-------+--------+-------+
|DSP              |        -|      -|       -|      -|
|Expression       |        -|      -|       0|      2|
|FIFO             |        -|      -|       -|      -|
|Instance         |        -|      -|       -|      -|
|Memory           |        -|      -|       -|      -|
|Multiplexer      |        -|      -|       -|     27|
|Register         |        -|      -|      14|      -|
+-----------------+---------+-------+--------+-------+
|Total            |        0|      0|      14|     29|
+-----------------+---------+-------+--------+-------+
|Available        |      280|    220|  106400|  53200|
+-----------------+---------+-------+--------+-------+
|Utilization (%)  |        0|      0|   ~0   |   ~0  |
+-----------------+---------+-------+--------+-------+

+ Detail: 
    * Instance: 
    N/A

    * DSP48: 
    N/A

    * Memory: 
    N/A

    * FIFO: 
    N/A

    * Expression: 
    +-----------------+----------+-------+---+----+------------+------------+
    |  Variable Name  | Operation| DSP48E| FF| LUT| Bitwidth P0| Bitwidth P1|
    +-----------------+----------+-------+---+----+------------+------------+
    |ap_block_state1  |    or    |      0|  0|   2|           1|           1|
    +-----------------+----------+-------+---+----+------------+------------+
    |Total            |          |      0|  0|   2|           1|           1|
    +-----------------+----------+-------+---+----+------------+------------+

    * Multiplexer: 
    +------------------------+----+-----------+-----+-----------+
    |          Name          | LUT| Input Size| Bits| Total Bits|
    +------------------------+----+-----------+-----+-----------+
    |ap_done                 |   9|          2|    1|          2|
    |ap_return               |   9|          2|   12|         24|
    |img_input_rows_V_blk_n  |   9|          2|    1|          2|
    +------------------------+----+-----------+-----+-----------+
    |Total                   |  27|          6|   14|         28|
    +------------------------+----+-----------+-----+-----------+

    * Register: 
    +----------------+----+----+-----+-----------+
    |      Name      | FF | LUT| Bits| Const Bits|
    +----------------+----+----+-----+-----------+
    |ap_CS_fsm       |   1|   0|    1|          0|
    |ap_done_reg     |   1|   0|    1|          0|
    |ap_return_preg  |  12|   0|   12|          0|
    +----------------+----+----+-----+-----------+
    |Total           |  14|   0|   14|          0|
    +----------------+----+----+-----+-----------+



================================================================
== Interface
================================================================
* Summary: 
+--------------------------+-----+-----+------------+------------------+--------------+
|         RTL Ports        | Dir | Bits|  Protocol  |   Source Object  |    C Type    |
+--------------------------+-----+-----+------------+------------------+--------------+
|ap_clk                    |  in |    1| ap_ctrl_hs |   Block__proc55  | return value |
|ap_rst                    |  in |    1| ap_ctrl_hs |   Block__proc55  | return value |
|ap_start                  |  in |    1| ap_ctrl_hs |   Block__proc55  | return value |
|ap_done                   | out |    1| ap_ctrl_hs |   Block__proc55  | return value |
|ap_continue               |  in |    1| ap_ctrl_hs |   Block__proc55  | return value |
|ap_idle                   | out |    1| ap_ctrl_hs |   Block__proc55  | return value |
|ap_ready                  | out |    1| ap_ctrl_hs |   Block__proc55  | return value |
|ap_return                 | out |   12| ap_ctrl_hs |   Block__proc55  | return value |
|img_input_rows_V_dout     |  in |   12|   ap_fifo  | img_input_rows_V |    pointer   |
|img_input_rows_V_empty_n  |  in |    1|   ap_fifo  | img_input_rows_V |    pointer   |
|img_input_rows_V_read     | out |    1|   ap_fifo  | img_input_rows_V |    pointer   |
+--------------------------+-----+-----+------------+------------------+--------------+

